--------- beginning of /dev/log/system
I/Vold    (  106): Filesystem check completed OK
I/Vold    (  106): Device /dev/block/vold/179:1, target /storage/sdcard0 mounted @ /mnt/secure/staging
D/Vold    (  106): Volume sdcard state changing 3 (Checking) -> 4 (Mounted)
D/MountService(  366): volume state changed for /storage/sdcard0 (checking -> mounted)
D/MountService(  366): sendStorageIntent Intent { act=android.intent.action.MEDIA_MOUNTED dat=file:///storage/sdcard0 (has extras) } to UserHandle{-1}
E/VoldConnector(  366): NDC Command {3 volume mount /storage/sdcard0} took too long (23297ms)
E/VoldConnector(  366): NDC Command {4 asec list} took too long (760ms)
W/PackageManager(  366): Unknown permission android.permission.ADD_SYSTEM_SERVICE in package com.android.phone
W/PackageManager(  366): Unknown permission com.android.vending.billing.IBillingAccountService.BIND2 in package com.google.android.gsf.login
W/PackageManager(  366): Unknown permission com.android.chrome.TOS_ACKED in package com.google.android.gsf.login
W/PackageManager(  366): Unknown permission com.google.android.gallery3d.permission.GALLERY_PROVIDER in package com.android.bluetooth
W/PackageManager(  366): Not granting permission android.permission.SEND_DOWNLOAD_COMPLETED_INTENTS to package com.android.browser (protectionLevel=2 flags=0x89be45)
W/PackageManager(  366): Unknown permission com.google.android.gallery3d.permission.PICASA_STORE in package com.android.dreams.phototable
W/PackageManager(  366): Unknown permission android.permission.READ_OWNER_DATA in package com.google.android.setupwizard
W/PackageManager(  366): Unknown permission android.permission.WRITE_OWNER_DATA in package com.google.android.setupwizard
W/PackageManager(  366): Unknown permission com.google.android.voicesearch.SHORTCUTS_ACCESS in package com.google.android.googlequicksearchbox
W/PackageManager(  366): Unknown permission com.google.googlenav.friend.permission.OPT_IN in package com.google.android.googlequicksearchbox
W/PackageManager(  366): Unknown permission com.google.android.apps.maps.permission.PREFETCH in package com.google.android.googlequicksearchbox
W/PackageManager(  366): Unknown permission com.google.android.apps.googlevoice.permission.AUTO_SEND in package com.google.android.googlequicksearchbox
W/PackageManager(  366): Unknown permission com.google.android.gm.permission.AUTO_SEND in package com.google.android.googlequicksearchbox
W/PackageManager(  366): Not granting permission android.permission.SEND_DOWNLOAD_COMPLETED_INTENTS to package com.android.vending (protectionLevel=2 flags=0x8abe45)
W/PackageManager(  366): Unknown permission com.google.android.gallery3d.permission.GALLERY_PROVIDER in package com.android.exchange
W/PackageManager(  366): Unknown permission com.google.android.gallery3d.permission.GALLERY_PROVIDER in package com.android.email
W/PackageManager(  366): Not granting permission android.permission.DEVICE_POWER to package com.android.deskclock (protectionLevel=2 flags=0x88be45)
W/PackageManager(  366): Not granting permission android.permission.READ_DREAM_STATE to package com.google.android.gsf (protectionLevel=2 flags=0x883e45)
V/WindowManager(  366): setAppVisibility(Token{40e2a5c0 ActivityRecord{40e899e0 u0 com.android.settings/.wifi.WifiSetupActivity}}, visible=false): mNextAppTransition=8199 hidden=false hiddenRequested=false
I/ActivityManager(  366): No longer want com.fuss.stats (pid 1044): empty #17
I/ActivityManager(  366): No longer want com.google.android.youtube (pid 1091): empty #17
V/WindowManager(  366): setAppVisibility(Token{40e2a5c0 ActivityRecord{40e899e0 u0 com.android.settings/.wifi.WifiSetupActivity}}, visible=false): mNextAppTransition=8199 hidden=false hiddenRequested=true
V/WindowManager(  366): setAppVisibility(Token{40ea0b98 ActivityRecord{40d46600 u0 com.google.android.setupwizard/.SetupWizardActivity}}, visible=true): mNextAppTransition=8199 hidden=true hiddenRequested=true
V/WindowManager(  366): Skipping AppWindowToken{41045ab0 token=Token{40e2a5c0 ActivityRecord{40e899e0 u0 com.android.settings/.wifi.WifiSetupActivity}}} -- going to hide
V/WindowManager(  366): No app is requesting an orientation
I/ActivityManager(  366): START u0 {cmp=com.google.android.setupwizard/.LocationSharingActivity (has extras)} from pid 749
V/WindowManager(  366): Skipping set freeze of Token{40eeabc0 ActivityRecord{40d99508 u0 com.google.android.setupwizard/.LocationSharingActivity}}
V/WindowManager(  366): setAppVisibility(Token{40eeabc0 ActivityRecord{40d99508 u0 com.google.android.setupwizard/.LocationSharingActivity}}, visible=true): mNextAppTransition=4102 hidden=true hiddenRequested=true
V/WindowManager(  366): Skipping AppWindowToken{41045ab0 token=Token{40e2a5c0 ActivityRecord{40e899e0 u0 com.android.settings/.wifi.WifiSetupActivity}}} -- going to hide
V/WindowManager(  366): No app is requesting an orientation
V/WindowManager(  366): setAppVisibility(Token{40ea0b98 ActivityRecord{40d46600 u0 com.google.android.setupwizard/.SetupWizardActivity}}, visible=false): mNextAppTransition=4102 hidden=true hiddenRequested=false
--------- beginning of /dev/log/main
D/dalvikvm(  749): GC_FOR_ALLOC freed 6K, 15% free 3859K/4496K, paused 20ms, total 20ms
I/dalvikvm-heap(  749): Grow heap (frag case) to 4.429MB for 441444-byte allocation
D/dalvikvm(  749): GC_FOR_ALLOC freed 0K, 13% free 4290K/4928K, paused 27ms, total 27ms
D/dalvikvm(  749): GC_CONCURRENT freed 632K, 26% free 3687K/4928K, paused 3ms+5ms, total 46ms
V/NetworkMonitor(  749): GLS onServiceConnected
V/NetworkMonitor(  749): Network is DOWN, Checkin has NOT succeeded, GLS IS connected
V/NetworkMonitor(  749): Network is DOWN, Checkin has NOT succeeded, GLS IS connected
I/WindowStateAnimator(  366): createSurface WindowStateAnimator{4111d1a8 com.google.android.setupwizard/com.google.android.setupwizard.LocationSharingActivity}: mDrawState=DRAW_PENDING
V/WindowManager(  366): Skipping AppWindowToken{41045ab0 token=Token{40e2a5c0 ActivityRecord{40e899e0 u0 com.android.settings/.wifi.WifiSetupActivity}}} -- going to hide
V/WindowManager(  366): Skipping AppWindowToken{40d0cf50 token=Token{40ea0b98 ActivityRecord{40d46600 u0 com.google.android.setupwizard/.SetupWizardActivity}}} -- hidden on top
V/WindowManager(  366): No app is requesting an orientation
V/WindowManager(  366): Eval win Window{40ed2ae0 u0 com.google.android.setupwizard/com.google.android.setupwizard.LocationSharingActivity}: isDrawn=false, isAnimating=true
V/WindowManager(  366): Not displayed: s=Surface(name=com.google.android.setupwizard/com.google.android.setupwizard.LocationSharingActivity, identity=11) pv=true mDrawState=1 ah=false th=false a=false
V/WindowManager(  366): Resize reasons:  contentInsetsChanged=true visibleInsetsChanged=true surfaceResized=true configChanged=true
V/WindowManager(  366): Resizing window Window{40ed2ae0 u0 com.google.android.setupwizard/com.google.android.setupwizard.LocationSharingActivity} to 480.0x800.0
V/WindowManager(  366): Reporting new frame to Window{40ed2ae0 u0 com.google.android.setupwizard/com.google.android.setupwizard.LocationSharingActivity}: Rect(0, 0 - 480, 800)
I/WindowManager(  366): Sending new config to window Window{40ed2ae0 u0 com.google.android.setupwizard/com.google.android.setupwizard.LocationSharingActivity}: 480.0x800.0 / {1.0 ?mcc?mnc en_US ldltr sw384dp w384dp h615dp 200dpi nrml long port finger -keyb/v/h -nav/h s.6 themeResource=null} / 0x0
I/WindowManager(  366): Resizing Window{40ed2ae0 u0 com.google.android.setupwizard/com.google.android.setupwizard.LocationSharingActivity} WITH DRAW PENDING
V/WindowStateAnimator(  366): finishDrawingLocked: mDrawState=COMMIT_DRAW_PENDING WindowStateAnimator{4111d1a8 com.google.android.setupwizard/com.google.android.setupwizard.LocationSharingActivity} in Surface(name=com.google.android.setupwizard/com.google.android.setupwizard.LocationSharingActivity, identity=11)
I/ActivityManager(  366): Start proc com.google.android.youtube for broadcast com.google.android.youtube/.app.prefetch.PrefetchService$DeviceStateReceiver: pid=1483 uid=10022 gids={50022, 3003, 1015, 1006, 1028}
V/WindowManager(  366): Eval win Window{40ed2ae0 u0 com.google.android.setupwizard/com.google.android.setupwizard.LocationSharingActivity}: isDrawn=true, isAnimating=true
V/WindowManager(  366): tokenMayBeDrawn: AppWindowToken{411875f0 token=Token{40eeabc0 ActivityRecord{40d99508 u0 com.google.android.setupwizard/.LocationSharingActivity}}} freezingScreen=false mAppFreezing=false
D/WindowManager(  366): frame: Rect(0, 0 - 480, 800) shown frame: RectF(0.0, 0.0, 480.0, 800.0)
D/WindowManager(  366): attr: WM.LayoutParams{(0,0)(fillxfill) sim=#113 ty=1 fl=#1810100 pfl=0x8 wanim=0x1030295 vsysui=0x400000} lp.flags=0x1810100
I/WindowManager(  366):   SURFACE SHOW (performShowLocked): Window{40ed2ae0 u0 com.google.android.setupwizard/com.google.android.setupwizard.LocationSharingActivity}
V/WindowManager(  366): Skipping AppWindowToken{41045ab0 token=Token{40e2a5c0 ActivityRecord{40e899e0 u0 com.android.settings/.wifi.WifiSetupActivity}}} -- hidden on top
V/WindowManager(  366): Skipping AppWindowToken{40d0cf50 token=Token{40ea0b98 ActivityRecord{40d46600 u0 com.google.android.setupwizard/.SetupWizardActivity}}} -- hidden on top
V/WindowManager(  366): No app is requesting an orientation
I/ActivityManager(  366): Displayed com.google.android.setupwizard/.LocationSharingActivity: +813ms
D/WindowManager(  366): frame: Rect(0, 0 - 480, 800) shown frame: RectF(48.0, 80.0, 528.0, 880.0)
D/WindowManager(  366): attr: WM.LayoutParams{(0,0)(fillxfill) sim=#113 ty=1 fl=#1810100 pfl=0x8 wanim=0x1030295 vsysui=0x400000} lp.flags=0x1810100
D/WindowManager(  366): frame: Rect(0, 0 - 480, 800) shown frame: RectF(32.340347, 53.900574, 512.34033, 853.9006)
D/WindowManager(  366): attr: WM.LayoutParams{(0,0)(fillxfill) sim=#113 ty=1 fl=#1810100 pfl=0x8 wanim=0x1030295 vsysui=0x400000} lp.flags=0x1810100
V/WindowManager(  366): Skipping AppWindowToken{41045ab0 token=Token{40e2a5c0 ActivityRecord{40e899e0 u0 com.android.settings/.wifi.WifiSetupActivity}}} -- hidden on top
V/WindowManager(  366): Skipping AppWindowToken{40d0cf50 token=Token{40ea0b98 ActivityRecord{40d46600 u0 com.google.android.setupwizard/.SetupWizardActivity}}} -- hidden on top
V/WindowManager(  366): No app is requesting an orientation
E/Trace   ( 1483): error opening trace file: No such file or directory (2)
D/dalvikvm( 1283): GC_CONCURRENT freed 303K, 20% free 2317K/2868K, paused 3ms+19ms, total 48ms
D/dalvikvm( 1311): GC_CONCURRENT freed 213K, 17% free 2406K/2868K, paused 5ms+2ms, total 66ms
I/Email   ( 1311): Onetime initialization: completed.
D/WindowManager(  366): frame: Rect(0, 0 - 480, 800) shown frame: RectF(0.0, 0.0, 480.0, 800.0)
D/WindowManager(  366): attr: WM.LayoutParams{(0,0)(fillxfill) sim=#113 ty=1 fl=#1810100 pfl=0x8 wanim=0x1030295 vsysui=0x400000} lp.flags=0x1810100
I/ActivityManager(  366): No longer want com.google.android.voicesearch (pid 1158): empty #17
D/WindowManager(  366): frame: Rect(0, 0 - 480, 800) shown frame: RectF(0.0, 0.0, 480.0, 800.0)
D/WindowManager(  366): attr: WM.LayoutParams{(0,0)(fillxfill) sim=#113 ty=1 fl=#1810100 pfl=0x8 wanim=0x1030295 vsysui=0x400000} lp.flags=0x1810100
V/WindowManager(  366): setAppVisibility(Token{40ea0b98 ActivityRecord{40d46600 u0 com.google.android.setupwizard/.SetupWizardActivity}}, visible=false): mNextAppTransition=-1 hidden=true hiddenRequested=true
D/WindowManager(  366): frame: Rect(0, 0 - 480, 800) shown frame: RectF(0.0, 0.0, 480.0, 800.0)
D/WindowManager(  366): attr: WM.LayoutParams{(0,0)(fillxfill) sim=#113 ty=1 fl=#1810100 pfl=0x8 wanim=0x1030295 vsysui=0x400000} lp.flags=0x1810100
D/dalvikvm(  366): GC_CONCURRENT freed 713K, 29% free 5494K/7696K, paused 6ms+6ms, total 81ms
E/SQLiteLog(  862): (1) no such table: files
I/ContactsProviderV1(  775): Bootstrapping database legacy support
W/ActivityManager(  366): Unable to start service Intent { cmp=com.android.email/.service.AttachmentDownloadService } U=0: not found
W/ActivityManager(  366): Unable to start service Intent { cmp=com.android.email/.service.AttachmentDownloadService } U=0: not found
W/ActivityManager(  366): Unable to start service Intent { cmp=com.android.email/.service.AttachmentDownloadService } U=0: not found
D/dalvikvm( 1483): GC_CONCURRENT freed 285K, 19% free 2367K/2900K, paused 10ms+13ms, total 65ms
D/dalvikvm( 1483): GC_CONCURRENT freed 233K, 16% free 2564K/3044K, paused 9ms+7ms, total 34ms
W/CursorWrapperInner( 1483): Cursor finalized without prior close()
W/CursorWrapperInner( 1483): Cursor finalized without prior close()
D/ExchangeService( 1298): !!! EAS ExchangeService, onStartCommand, startingUp = true, running = false
I/ActivityManager(  366): No longer want com.google.android.onetimeinitializer (pid 1180): empty #17
V/WindowManager(  366): setAppVisibility(Token{40eeabc0 ActivityRecord{40d99508 u0 com.google.android.setupwizard/.LocationSharingActivity}}, visible=false): mNextAppTransition=8199 hidden=false hiddenRequested=false
V/WindowManager(  366): setAppVisibility(Token{40eeabc0 ActivityRecord{40d99508 u0 com.google.android.setupwizard/.LocationSharingActivity}}, visible=false): mNextAppTransition=8199 hidden=false hiddenRequested=true
V/WindowManager(  366): setAppVisibility(Token{40ea0b98 ActivityRecord{40d46600 u0 com.google.android.setupwizard/.SetupWizardActivity}}, visible=true): mNextAppTransition=8199 hidden=true hiddenRequested=true
V/WindowManager(  366): Skipping AppWindowToken{411875f0 token=Token{40eeabc0 ActivityRecord{40d99508 u0 com.google.android.setupwizard/.LocationSharingActivity}}} -- going to hide
V/WindowManager(  366): No app is requesting an orientation
I/SetupWizard(  749): onActivityResult(10005, -1) lastActivity=10005
I/SetupWizard(  749): starting activity 10018
I/ActivityManager(  366): START u0 {cmp=com.google.android.setupwizard/.DateTimeSetupActivity (has extras)} from pid 749
V/WindowManager(  366): Skipping set freeze of Token{40da5f90 ActivityRecord{40d86058 u0 com.google.android.setupwizard/.DateTimeSetupActivity}}
V/WindowManager(  366): setAppVisibility(Token{40da5f90 ActivityRecord{40d86058 u0 com.google.android.setupwizard/.DateTimeSetupActivity}}, visible=true): mNextAppTransition=4102 hidden=true hiddenRequested=true
V/WindowManager(  366): Skipping AppWindowToken{411875f0 token=Token{40eeabc0 ActivityRecord{40d99508 u0 com.google.android.setupwizard/.LocationSharingActivity}}} -- going to hide
V/WindowManager(  366): No app is requesting an orientation
V/WindowManager(  366): setAppVisibility(Token{40ea0b98 ActivityRecord{40d46600 u0 com.google.android.setupwizard/.SetupWizardActivity}}, visible=false): mNextAppTransition=4102 hidden=true hiddenRequested=false
V/NetworkMonitor(  749): Starting NetworkMonitor
D/MediaScannerReceiver(  862): action: android.intent.action.MEDIA_MOUNTED path: /storage/sdcard0
D/SetupWizard(  749): BaseActivity.onCreate() mIsFirstRun=true mAllNetworkSetupSkipped=true mIsSecondaryUser=false
D/BluetoothAdapter(  706): 1088707992: getState() :  mService = null. Returning STATE_OFF
D/dalvikvm(  749): GC_CONCURRENT freed 863K, 35% free 3245K/4928K, paused 4ms+2ms, total 48ms
I/ActivityManager(  366): No longer want com.google.android.tts (pid 905): empty #17
I/System  (  749): Loaded time zone names for  in 391ms (382ms in ICU)
I/System  (  749): Loaded time zone names for en_US in 210ms (179ms in ICU)
D/dalvikvm(  749): GC_CONCURRENT freed 269K, 31% free 3425K/4928K, paused 10ms+10ms, total 66ms
D/dalvikvm(  964): GC_CONCURRENT freed 241K, 18% free 2389K/2880K, paused 15ms+2ms, total 369ms
I/ActivityManager(  366): No longer want com.android.launcher (pid 1220): empty #17
I/dalvikvm(  366): Jit: resizing JitTable from 4096 to 8192
V/NetworkMonitor(  749): GLS onServiceConnected
V/NetworkMonitor(  749): Network is DOWN, Checkin has NOT succeeded, GLS IS connected
V/NetworkMonitor(  749): Network is DOWN, Checkin has NOT succeeded, GLS IS connected
I/WindowStateAnimator(  366): createSurface WindowStateAnimator{40ed8a20 com.google.android.setupwizard/com.google.android.setupwizard.DateTimeSetupActivity}: mDrawState=DRAW_PENDING
V/WindowManager(  366): Skipping AppWindowToken{411875f0 token=Token{40eeabc0 ActivityRecord{40d99508 u0 com.google.android.setupwizard/.LocationSharingActivity}}} -- going to hide
V/WindowManager(  366): Skipping AppWindowToken{40d0cf50 token=Token{40ea0b98 ActivityRecord{40d46600 u0 com.google.android.setupwizard/.SetupWizardActivity}}} -- hidden on top
V/WindowManager(  366): No app is requesting an orientation
V/WindowManager(  366): Eval win Window{40d759e0 u0 com.google.android.setupwizard/com.google.android.setupwizard.DateTimeSetupActivity}: isDrawn=false, isAnimating=true
V/WindowManager(  366): Not displayed: s=Surface(name=com.google.android.setupwizard/com.google.android.setupwizard.DateTimeSetupActivity, identity=12) pv=true mDrawState=1 ah=false th=false a=false
V/WindowManager(  366): Resize reasons:  contentInsetsChanged=true visibleInsetsChanged=true surfaceResized=true configChanged=true
V/WindowManager(  366): Resizing window Window{40d759e0 u0 com.google.android.setupwizard/com.google.android.setupwizard.DateTimeSetupActivity} to 480.0x800.0
V/WindowManager(  366): Reporting new frame to Window{40d759e0 u0 com.google.android.setupwizard/com.google.android.setupwizard.DateTimeSetupActivity}: Rect(0, 0 - 480, 800)
I/WindowManager(  366): Sending new config to window Window{40d759e0 u0 com.google.android.setupwizard/com.google.android.setupwizard.DateTimeSetupActivity}: 480.0x800.0 / {1.0 ?mcc?mnc en_US ldltr sw384dp w384dp h615dp 200dpi nrml long port finger -keyb/v/h -nav/h s.6 themeResource=null} / 0x0
I/WindowManager(  366): Resizing Window{40d759e0 u0 com.google.android.setupwizard/com.google.android.setupwizard.DateTimeSetupActivity} WITH DRAW PENDING
V/WindowStateAnimator(  366): finishDrawingLocked: mDrawState=COMMIT_DRAW_PENDING WindowStateAnimator{40ed8a20 com.google.android.setupwizard/com.google.android.setupwizard.DateTimeSetupActivity} in Surface(name=com.google.android.setupwizard/com.google.android.setupwizard.DateTimeSetupActivity, identity=12)
V/WindowManager(  366): Eval win Window{40d759e0 u0 com.google.android.setupwizard/com.google.android.setupwizard.DateTimeSetupActivity}: isDrawn=true, isAnimating=true
V/WindowManager(  366): tokenMayBeDrawn: AppWindowToken{410bb048 token=Token{40da5f90 ActivityRecord{40d86058 u0 com.google.android.setupwizard/.DateTimeSetupActivity}}} freezingScreen=false mAppFreezing=false
I/ActivityManager(  366): Displayed com.google.android.setupwizard/.DateTimeSetupActivity: +1s460ms
D/WindowManager(  366): frame: Rect(0, 0 - 480, 800) shown frame: RectF(0.0, 0.0, 480.0, 800.0)
D/WindowManager(  366): attr: WM.LayoutParams{(0,0)(fillxfill) sim=#120 ty=1 fl=#1810100 pfl=0x8 wanim=0x1030295 vsysui=0x400000} lp.flags=0x1810100
D/WindowManager(  366): frame: Rect(0, 0 - 480, 800) shown frame: RectF(0.0, 0.0, 480.0, 800.0)
D/WindowManager(  366): attr: WM.LayoutParams{(0,0)(fillxfill) sim=#120 ty=1 fl=#1810100 pfl=0x8 wanim=0x1030295 vsysui=0x400000} lp.flags=0x1810100
I/WindowManager(  366):   SURFACE SHOW (performShowLocked): Window{40d759e0 u0 com.google.android.setupwizard/com.google.android.setupwizard.DateTimeSetupActivity}
V/WindowManager(  366): Skipping AppWindowToken{411875f0 token=Token{40eeabc0 ActivityRecord{40d99508 u0 com.google.android.setupwizard/.LocationSharingActivity}}} -- hidden on top
V/WindowManager(  366): Skipping AppWindowToken{40d0cf50 token=Token{40ea0b98 ActivityRecord{40d46600 u0 com.google.android.setupwizard/.SetupWizardActivity}}} -- hidden on top
V/WindowManager(  366): No app is requesting an orientation
E/NetworkLocationRealOs(  964): no android ID; can't access encrypted cache
E/NetworkLocationRealOs(  964): java.io.IOException: no android ID; can't access encrypted cache
E/NetworkLocationRealOs(  964): 	at com.google.android.location.os.real.RealOs.getEncryptionKey(RealOs.java:176)
E/NetworkLocationRealOs(  964): 	at com.google.android.location.os.real.RealOs.getEncryptionKey(RealOs.java:437)
E/NetworkLocationRealOs(  964): 	at com.google.android.location.os.real.RealOs.getEncryptionKeyOrNull(RealOs.java:219)
E/NetworkLocationRealOs(  964): 	at com.google.android.location.cache.ModelState.create(ModelState.java:67)
E/NetworkLocationRealOs(  964): 	at com.google.android.location.internal.server.ServiceThread.updateState(ServiceThread.java:317)
E/NetworkLocationRealOs(  964): 	at com.google.android.location.internal.server.ServiceThread.access$000(ServiceThread.java:79)
E/NetworkLocationRealOs(  964): 	at com.google.android.location.internal.server.ServiceThread$EnabledObserver.update(ServiceThread.java:277)
E/NetworkLocationRealOs(  964): 	at java.util.Observable.notifyObservers(Observable.java:138)
E/NetworkLocationRealOs(  964): 	at java.util.Observable.notifyObservers(Observable.java:113)
E/NetworkLocationRealOs(  964): 	at android.content.ContentQueryMap.requery(ContentQueryMap.java:145)
E/NetworkLocationRealOs(  964): 	at android.content.ContentQueryMap$1.onChange(ContentQueryMap.java:105)
E/NetworkLocationRealOs(  964): 	at android.database.ContentObserver.onChange(ContentObserver.java:129)
E/NetworkLocationRealOs(  964): 	at android.database.ContentObserver$NotificationRunnable.run(ContentObserver.java:180)
E/NetworkLocationRealOs(  964): 	at android.os.Handler.handleCallback(Handler.java:725)
E/NetworkLocationRealOs(  964): 	at android.os.Handler.dispatchMessage(Handler.java:92)
E/NetworkLocationRealOs(  964): 	at android.os.Looper.loop(Looper.java:137)
E/NetworkLocationRealOs(  964): 	at android.os.HandlerThread.run(HandlerThread.java:60)
D/WindowManager(  366): frame: Rect(0, 0 - 480, 800) shown frame: RectF(48.0, 80.0, 528.0, 880.0)
D/WindowManager(  366): attr: WM.LayoutParams{(0,0)(fillxfill) sim=#120 ty=1 fl=#1810100 pfl=0x8 wanim=0x1030295 vsysui=0x400000} lp.flags=0x1810100
D/WindowManager(  366): frame: Rect(0, 0 - 480, 800) shown frame: RectF(48.0, 80.0, 528.0, 880.0)
D/WindowManager(  366): attr: WM.LayoutParams{(0,0)(fillxfill) sim=#120 ty=1 fl=#1810100 pfl=0x8 wanim=0x1030295 vsysui=0x400000} lp.flags=0x1810100
V/WindowManager(  366): Skipping AppWindowToken{411875f0 token=Token{40eeabc0 ActivityRecord{40d99508 u0 com.google.android.setupwizard/.LocationSharingActivity}}} -- hidden on top
V/WindowManager(  366): Skipping AppWindowToken{40d0cf50 token=Token{40ea0b98 ActivityRecord{40d46600 u0 com.google.android.setupwizard/.SetupWizardActivity}}} -- hidden on top
V/WindowManager(  366): No app is requesting an orientation
E/NetworkLocationRealOs(  964): no android ID; can't access encrypted cache
E/NetworkLocationRealOs(  964): java.io.IOException: no android ID; can't access encrypted cache
E/NetworkLocationRealOs(  964): 	at com.google.android.location.os.real.RealOs.getEncryptionKey(RealOs.java:176)
E/NetworkLocationRealOs(  964): 	at com.google.android.location.os.real.RealOs.getEncryptionKey(RealOs.java:437)
E/NetworkLocationRealOs(  964): 	at com.google.android.location.os.real.RealOs.getEncryptionKeyOrNull(RealOs.java:219)
E/NetworkLocationRealOs(  964): 	at com.google.android.location.cache.SeenDevicesCache.<init>(SeenDevicesCache.java:105)
E/NetworkLocationRealOs(  964): 	at com.google.android.location.NetworkProvider.<init>(NetworkProvider.java:57)
E/NetworkLocationRealOs(  964): 	at com.google.android.location.internal.server.ServiceThread.updateState(ServiceThread.java:318)
E/NetworkLocationRealOs(  964): 	at com.google.android.location.internal.server.ServiceThread.access$000(ServiceThread.java:79)
E/NetworkLocationRealOs(  964): 	at com.google.android.location.internal.server.ServiceThread$EnabledObserver.update(ServiceThread.java:277)
E/NetworkLocationRealOs(  964): 	at java.util.Observable.notifyObservers(Observable.java:138)
E/NetworkLocationRealOs(  964): 	at java.util.Observable.notifyObservers(Observable.java:113)
E/NetworkLocationRealOs(  964): 	at android.content.ContentQueryMap.requery(ContentQueryMap.java:145)
E/NetworkLocationRealOs(  964): 	at android.content.ContentQueryMap$1.onChange(ContentQueryMap.java:105)
E/NetworkLocationRealOs(  964): 	at android.database.ContentObserver.onChange(ContentObserver.java:129)
E/NetworkLocationRealOs(  964): 	at android.database.ContentObserver$NotificationRunnable.run(ContentObserver.java:180)
E/NetworkLocationRealOs(  964): 	at android.os.Handler.handleCallback(Handler.java:725)
E/NetworkLocationRealOs(  964): 	at android.os.Handler.dispatchMessage(Handler.java:92)
E/NetworkLocationRealOs(  964): 	at android.os.Looper.loop(Looper.java:137)
E/NetworkLocationRealOs(  964): 	at android.os.HandlerThread.run(HandlerThread.java:60)
D/dalvikvm(  964): GC_CONCURRENT freed 212K, 15% free 2689K/3148K, paused 6ms+3ms, total 72ms
D/dalvikvm(  964): WAIT_FOR_CONCURRENT_GC blocked 15ms
D/WindowManager(  366): frame: Rect(0, 0 - 480, 800) shown frame: RectF(0.0, 0.0, 480.0, 800.0)
D/WindowManager(  366): attr: WM.LayoutParams{(0,0)(fillxfill) sim=#120 ty=1 fl=#1810100 pfl=0x8 wanim=0x1030295 vsysui=0x400000} lp.flags=0x1810100
D/WindowManager(  366): frame: Rect(0, 0 - 480, 800) shown frame: RectF(0.0, 0.0, 480.0, 800.0)
D/WindowManager(  366): attr: WM.LayoutParams{(0,0)(fillxfill) sim=#120 ty=1 fl=#1810100 pfl=0x8 wanim=0x1030295 vsysui=0x400000} lp.flags=0x1810100
V/NetworkMonitor(  749): Stopped NetworkMonitor
V/WindowManager(  366): setAppVisibility(Token{40ea0b98 ActivityRecord{40d46600 u0 com.google.android.setupwizard/.SetupWizardActivity}}, visible=false): mNextAppTransition=-1 hidden=true hiddenRequested=true
D/WindowManager(  366): frame: Rect(0, 0 - 480, 800) shown frame: RectF(0.0, 0.0, 480.0, 800.0)
D/WindowManager(  366): attr: WM.LayoutParams{(0,0)(fillxfill) sim=#120 ty=1 fl=#1810100 pfl=0x8 wanim=0x1030295 vsysui=0x400000} lp.flags=0x1810100
D/dalvikvm(  964): GC_CONCURRENT freed 141K, 12% free 3057K/3448K, paused 39ms+3ms, total 83ms
D/dalvikvm(  964): WAIT_FOR_CONCURRENT_GC blocked 20ms
W/WifiNormalizer(  964): No specific device detected. Offset set to -7.
D/dalvikvm(  775): GC_CONCURRENT freed 374K, 20% free 2576K/3200K, paused 3ms+2ms, total 32ms
I/System  (  964): Loaded time zone names for  in 301ms (270ms in ICU)
D/dalvikvm(  964): GC_CONCURRENT freed 715K, 26% free 2850K/3816K, paused 15ms+6ms, total 63ms
D/dalvikvm(  964): WAIT_FOR_CONCURRENT_GC blocked 19ms
I/System  (  964): Loaded time zone names for en_US in 208ms (203ms in ICU)
W/Settings(  964): Setting airplane_mode_on has moved from android.provider.Settings.System to android.provider.Settings.Global, returning read-only value.
D/dalvikvm(  366): GC_CONCURRENT freed 706K, 29% free 5482K/7696K, paused 4ms+12ms, total 77ms
D/dalvikvm(  964): GC_FOR_ALLOC freed 222K, 29% free 2722K/3816K, paused 19ms, total 20ms
I/dalvikvm-heap(  964): Grow heap (frag case) to 2.928MB for 32784-byte allocation
D/dalvikvm(  964): GC_FOR_ALLOC freed 0K, 29% free 2754K/3852K, paused 22ms, total 22ms
I/System.out(  964): [SEVERE:20674]: LogSource: AsyncHttpRequestImpl.run(): exception thrown : Unable to resolve host "www.google.com": No address associated with hostname: java.net.UnknownHostException
E/GlsClient-query(  964): requestFailed
W/SocketClient(  107): write error (Broken pipe)
I/ActivityManager(  366): No longer want com.android.contacts (pid 930): empty #17
I/ActivityManager(  366): No longer want com.android.mms (pid 1193): empty #17
D/CountryDetector(  366): No listener is left
I/ContactDirectoryManager(  775): deleted 0 stale rows which don't have any relevant directory
I/ContactDirectoryManager(  775): Discovered 0 contact directories in 147ms
I/ContactsDatabaseHelper(  775): Switching to locale en_US
D/dalvikvm(  775): GC_CONCURRENT freed 298K, 18% free 2664K/3212K, paused 3ms+3ms, total 24ms
V/WindowManager(  366): setAppVisibility(Token{40da5f90 ActivityRecord{40d86058 u0 com.google.android.setupwizard/.DateTimeSetupActivity}}, visible=false): mNextAppTransition=8199 hidden=false hiddenRequested=false
V/WindowManager(  366): setAppVisibility(Token{40da5f90 ActivityRecord{40d86058 u0 com.google.android.setupwizard/.DateTimeSetupActivity}}, visible=false): mNextAppTransition=8199 hidden=false hiddenRequested=true
V/WindowManager(  366): setAppVisibility(Token{40ea0b98 ActivityRecord{40d46600 u0 com.google.android.setupwizard/.SetupWizardActivity}}, visible=true): mNextAppTransition=8199 hidden=true hiddenRequested=true
V/WindowManager(  366): Skipping AppWindowToken{410bb048 token=Token{40da5f90 ActivityRecord{40d86058 u0 com.google.android.setupwizard/.DateTimeSetupActivity}}} -- going to hide
V/WindowManager(  366): No app is requesting an orientation
I/SetupWizard(  749): onActivityResult(10018, -1) lastActivity=10018
I/SetupWizard(  749): starting activity 10010
I/ActivityManager(  366): START u0 {cmp=com.google.android.gsf.login/.NameActivity (has extras)} from pid 749
V/WindowManager(  366): Skipping set freeze of Token{40ddfea8 ActivityRecord{40d99508 u0 com.google.android.gsf.login/.NameActivity}}
V/WindowManager(  366): setAppVisibility(Token{40ddfea8 ActivityRecord{40d99508 u0 com.google.android.gsf.login/.NameActivity}}, visible=true): mNextAppTransition=4102 hidden=true hiddenRequested=true
V/WindowManager(  366): Skipping AppWindowToken{410bb048 token=Token{40da5f90 ActivityRecord{40d86058 u0 com.google.android.setupwizard/.DateTimeSetupActivity}}} -- going to hide
V/WindowManager(  366): Done at AppWindowToken{41029490 token=Token{40ddfea8 ActivityRecord{40d99508 u0 com.google.android.gsf.login/.NameActivity}}} -- full screen, return -1
V/WindowManager(  366): setAppVisibility(Token{40ea0b98 ActivityRecord{40d46600 u0 com.google.android.setupwizard/.SetupWizardActivity}}, visible=false): mNextAppTransition=4102 hidden=true hiddenRequested=false
W/GLSUser (  780): GLS Activity without session
D/dalvikvm(  780): GC_CONCURRENT freed 146K, 14% free 2561K/2960K, paused 7ms+2ms, total 30ms
D/dalvikvm(  780): WAIT_FOR_CONCURRENT_GC blocked 23ms
D/dalvikvm(  780): GC_FOR_ALLOC freed 345K, 23% free 2566K/3316K, paused 16ms, total 17ms
D/dalvikvm(  780): GC_FOR_ALLOC freed 171K, 19% free 2686K/3316K, paused 18ms, total 18ms
D/dalvikvm(  780): GC_FOR_ALLOC freed 85K, 17% free 2831K/3404K, paused 22ms, total 22ms
D/dalvikvm(  780): GC_FOR_ALLOC freed 143K, 19% free 2850K/3500K, paused 23ms, total 23ms
I/dalvikvm-heap(  780): Grow heap (frag case) to 3.628MB for 635812-byte allocation
D/dalvikvm(  780): GC_FOR_ALLOC freed 1K, 16% free 3470K/4124K, paused 26ms, total 26ms
D/dalvikvm(  780): GC_CONCURRENT freed <1K, 16% free 3470K/4124K, paused 3ms+2ms, total 21ms
D/dalvikvm(  780): WAIT_FOR_CONCURRENT_GC blocked 18ms
I/dalvikvm-heap(  780): Grow heap (frag case) to 4.048MB for 441444-byte allocation
D/dalvikvm(  780): GC_FOR_ALLOC freed <1K, 15% free 3901K/4556K, paused 30ms, total 30ms
D/dalvikvm(  780): GC_CONCURRENT freed 926K, 27% free 3457K/4700K, paused 2ms+2ms, total 25ms
D/dalvikvm(  780): WAIT_FOR_CONCURRENT_GC blocked 17ms
I/WindowStateAnimator(  366): createSurface WindowStateAnimator{410ec2f8 com.google.android.gsf.login/com.google.android.gsf.login.NameActivity}: mDrawState=DRAW_PENDING
V/WindowManager(  366): Skipping AppWindowToken{410bb048 token=Token{40da5f90 ActivityRecord{40d86058 u0 com.google.android.setupwizard/.DateTimeSetupActivity}}} -- going to hide
V/WindowManager(  366): Done at AppWindowToken{41029490 token=Token{40ddfea8 ActivityRecord{40d99508 u0 com.google.android.gsf.login/.NameActivity}}} -- full screen, return -1
V/WindowManager(  366): Eval win Window{40d7f080 u0 com.google.android.gsf.login/com.google.android.gsf.login.NameActivity}: isDrawn=false, isAnimating=true
V/WindowManager(  366): Not displayed: s=Surface(name=com.google.android.gsf.login/com.google.android.gsf.login.NameActivity, identity=13) pv=true mDrawState=1 ah=false th=false a=false
V/WindowManager(  366): Resize reasons:  contentInsetsChanged=true visibleInsetsChanged=true surfaceResized=true configChanged=true
V/WindowManager(  366): Resizing window Window{40d7f080 u0 com.google.android.gsf.login/com.google.android.gsf.login.NameActivity} to 480.0x800.0
V/WindowManager(  366): Reporting new frame to Window{40d7f080 u0 com.google.android.gsf.login/com.google.android.gsf.login.NameActivity}: Rect(0, 0 - 480, 800)
I/WindowManager(  366): Sending new config to window Window{40d7f080 u0 com.google.android.gsf.login/com.google.android.gsf.login.NameActivity}: 480.0x800.0 / {1.0 ?mcc?mnc en_US ldltr sw384dp w384dp h615dp 200dpi nrml long port finger -keyb/v/h -nav/h s.6 themeResource=null} / 0x0
I/WindowManager(  366): Resizing Window{40d7f080 u0 com.google.android.gsf.login/com.google.android.gsf.login.NameActivity} WITH DRAW PENDING
D/libEGL  (  780): loaded /system/lib/egl/libEGL_adreno200.so
D/libEGL  (  780): loaded /system/lib/egl/libGLESv1_CM_adreno200.so
D/libEGL  (  780): loaded /system/lib/egl/libGLESv2_adreno200.so
I/Adreno200-EGL(  780): <qeglDrvAPI_eglInitialize:294>: EGL 1.4 QUALCOMM build: AU_LINUX_ANDROID_JB.04.01.01.00.036_msm8960_JB_CL2644550_release_AU (CL2644550)
I/Adreno200-EGL(  780): Build Date: 07/31/12 Tue
I/Adreno200-EGL(  780): Local Branch: 
I/Adreno200-EGL(  780): Remote Branch: quic/master
I/Adreno200-EGL(  780): Local Patches: NONE
I/Adreno200-EGL(  780): Reconstruct Branch: AU_LINUX_ANDROID_JB.04.01.01.00.036 +  NOTHING
D/OpenGLRenderer(  780): Enabling debug mode 0
I/ActivityManager(  366): Displayed com.google.android.gsf.login/.NameActivity: +925ms
V/WindowStateAnimator(  366): finishDrawingLocked: mDrawState=COMMIT_DRAW_PENDING WindowStateAnimator{410ec2f8 com.google.android.gsf.login/com.google.android.gsf.login.NameActivity} in Surface(name=com.google.android.gsf.login/com.google.android.gsf.login.NameActivity, identity=13)
V/WindowManager(  366): Eval win Window{40d7f080 u0 com.google.android.gsf.login/com.google.android.gsf.login.NameActivity}: isDrawn=true, isAnimating=true
V/WindowManager(  366): tokenMayBeDrawn: AppWindowToken{41029490 token=Token{40ddfea8 ActivityRecord{40d99508 u0 com.google.android.gsf.login/.NameActivity}}} freezingScreen=false mAppFreezing=false
I/WindowManager(  366):   SURFACE SHOW (performShowLocked): Window{40d7f080 u0 com.google.android.gsf.login/com.google.android.gsf.login.NameActivity}
D/WindowManager(  366): frame: Rect(0, 0 - 480, 800) shown frame: RectF(0.0, 0.0, 480.0, 800.0)
D/WindowManager(  366): attr: WM.LayoutParams{(0,0)(fillxfill) sim=#110 ty=1 fl=#1810100 pfl=0x8 wanim=0x1030295 vsysui=0x1e40000} lp.flags=0x1810100
V/WindowManager(  366): Skipping AppWindowToken{410bb048 token=Token{40da5f90 ActivityRecord{40d86058 u0 com.google.android.setupwizard/.DateTimeSetupActivity}}} -- hidden on top
V/WindowManager(  366): Done at AppWindowToken{41029490 token=Token{40ddfea8 ActivityRecord{40d99508 u0 com.google.android.gsf.login/.NameActivity}}} -- full screen, return -1
D/WindowManager(  366): frame: Rect(0, 0 - 480, 800) shown frame: RectF(48.0, 80.0, 528.0, 880.0)
D/WindowManager(  366): attr: WM.LayoutParams{(0,0)(fillxfill) sim=#110 ty=1 fl=#1810100 pfl=0x8 wanim=0x1030295 vsysui=0x1e40000} lp.flags=0x1810100
D/WindowManager(  366): frame: Rect(0, 0 - 480, 800) shown frame: RectF(36.97223, 61.62039, 516.9722, 861.62036)
D/WindowManager(  366): attr: WM.LayoutParams{(0,0)(fillxfill) sim=#110 ty=1 fl=#1810100 pfl=0x8 wanim=0x1030295 vsysui=0x1e40000} lp.flags=0x1810100
V/WindowManager(  366): Skipping AppWindowToken{410bb048 token=Token{40da5f90 ActivityRecord{40d86058 u0 com.google.android.setupwizard/.DateTimeSetupActivity}}} -- hidden on top
V/WindowManager(  366): Done at AppWindowToken{41029490 token=Token{40ddfea8 ActivityRecord{40d99508 u0 com.google.android.gsf.login/.NameActivity}}} -- full screen, return -1
V/WindowManager(  366): Skipping AppWindowToken{410bb048 token=Token{40da5f90 ActivityRecord{40d86058 u0 com.google.android.setupwizard/.DateTimeSetupActivity}}} -- hidden on top
V/WindowManager(  366): Done at AppWindowToken{41029490 token=Token{40ddfea8 ActivityRecord{40d99508 u0 com.google.android.gsf.login/.NameActivity}}} -- full screen, return -1
D/dalvikvm(  669): GC_CONCURRENT freed 172K, 14% free 2613K/3032K, paused 13ms+3ms, total 38ms
D/WindowManager(  366): frame: Rect(0, 0 - 480, 800) shown frame: RectF(0.0, 0.0, 480.0, 800.0)
D/WindowManager(  366): attr: WM.LayoutParams{(0,0)(fillxfill) sim=#110 ty=1 fl=#1810100 pfl=0x8 wanim=0x1030295 vsysui=0x1e40000} lp.flags=0x1810100
D/WindowManager(  366): frame: Rect(0, 0 - 480, 800) shown frame: RectF(0.0, 0.0, 480.0, 800.0)
D/WindowManager(  366): attr: WM.LayoutParams{(0,0)(fillxfill) sim=#110 ty=1 fl=#1810100 pfl=0x8 wanim=0x1030295 vsysui=0x1e40000} lp.flags=0x1810100
V/WindowManager(  366): setAppVisibility(Token{40ea0b98 ActivityRecord{40d46600 u0 com.google.android.setupwizard/.SetupWizardActivity}}, visible=false): mNextAppTransition=-1 hidden=true hiddenRequested=true
V/NetworkMonitor(  749): Stopped NetworkMonitor
D/WindowManager(  366): frame: Rect(0, 0 - 480, 800) shown frame: RectF(0.0, 0.0, 480.0, 800.0)
D/WindowManager(  366): attr: WM.LayoutParams{(0,0)(fillxfill) sim=#110 ty=1 fl=#1810100 pfl=0x8 wanim=0x1030295 vsysui=0x1e40000} lp.flags=0x1810100
D/dalvikvm(  669): GC_CONCURRENT freed 287K, 16% free 2829K/3360K, paused 8ms+13ms, total 55ms
I/Choreographer(  669): Skipped 49 frames!  The application may be doing too much work on its main thread.
D/dalvikvm(  669): GC_CONCURRENT freed 334K, 17% free 2925K/3504K, paused 14ms+33ms, total 160ms
D/WindowManager(  366): frame: Rect(0, 0 - 480, 800) shown frame: RectF(0.0, 0.0, 480.0, 800.0)
I/WindowStateAnimator(  366): createSurface WindowStateAnimator{410b93d8 InputMethod}: mDrawState=DRAW_PENDING
V/WindowManager(  366): Done at AppWindowToken{41029490 token=Token{40ddfea8 ActivityRecord{40d99508 u0 com.google.android.gsf.login/.NameActivity}}} -- full screen, return -1
D/WindowManager(  366): attr: WM.LayoutParams{(0,0)(fillxfill) sim=#110 ty=1 fl=#1810100 pfl=0x8 wanim=0x1030295 vsysui=0x1e40000} lp.flags=0x1810100
V/WindowManager(  366): Resize reasons:  contentInsetsChanged=false visibleInsetsChanged=false surfaceResized=true configChanged=true
V/WindowManager(  366): Resizing window Window{40ed2280 u0 InputMethod} to 480.0x346.0
V/WindowManager(  366): Reporting new frame to Window{40ed2280 u0 InputMethod}: Rect(0, 454 - 480, 800)
I/WindowManager(  366): Sending new config to window Window{40ed2280 u0 InputMethod}: 480.0x346.0 / {1.0 ?mcc?mnc en_US ldltr sw384dp w384dp h615dp 200dpi nrml long port finger -keyb/v/h -nav/h s.6 themeResource=null} / 0x0
I/WindowManager(  366): Resizing Window{40ed2280 u0 InputMethod} WITH DRAW PENDING
D/WindowManager(  366): frame: Rect(0, 0 - 480, 800) shown frame: RectF(0.0, 0.0, 480.0, 800.0)
D/WindowManager(  366): attr: WM.LayoutParams{(0,0)(fillxfill) sim=#110 ty=1 fl=#1810100 pfl=0x8 wanim=0x1030295 vsysui=0x1e40000} lp.flags=0x1810100
D/WindowManager(  366): frame: Rect(0, 0 - 480, 800) shown frame: RectF(0.0, 0.0, 480.0, 800.0)
D/WindowManager(  366): attr: WM.LayoutParams{(0,0)(fillxfill) sim=#110 ty=1 fl=#1810100 pfl=0x8 wanim=0x1030295 vsysui=0x1e40000} lp.flags=0x1810100
V/WindowManager(  366): Done at AppWindowToken{41029490 token=Token{40ddfea8 ActivityRecord{40d99508 u0 com.google.android.gsf.login/.NameActivity}}} -- full screen, return -1
V/WindowManager(  366): Resize reasons:  contentInsetsChanged=false visibleInsetsChanged=false surfaceResized=true configChanged=false
V/WindowManager(  366): Resizing window Window{40ed2280 u0 InputMethod EXITING} to 480.0x653.0
V/WindowManager(  366): Reporting new frame to Window{40ed2280 u0 InputMethod EXITING}: Rect(0, 147 - 480, 800)
I/WindowManager(  366): Resizing Window{40ed2280 u0 InputMethod EXITING} WITH DRAW PENDING
D/WindowManager(  366): frame: Rect(0, 0 - 480, 800) shown frame: RectF(0.0, 0.0, 480.0, 800.0)
D/WindowManager(  366): attr: WM.LayoutParams{(0,0)(fillxfill) sim=#110 ty=1 fl=#1810100 pfl=0x8 wanim=0x1030295 vsysui=0x1e40000} lp.flags=0x1810100
D/WindowManager(  366): frame: Rect(0, 0 - 480, 800) shown frame: RectF(0.0, 0.0, 480.0, 800.0)
D/WindowManager(  366): attr: WM.LayoutParams{(0,0)(fillxfill) sim=#110 ty=1 fl=#1810100 pfl=0x8 wanim=0x1030295 vsysui=0x1e40000} lp.flags=0x1810100
D/dalvikvm(  366): GC_CONCURRENT freed 753K, 30% free 5459K/7696K, paused 5ms+32ms, total 296ms
I/ContactsDatabaseHelper(  775): Locale change completed in 2709ms
I/ContactsDatabaseHelper(  775): Switching to locale en_US
E/MetadataRetrieverClient(  113): failed to extract an album art
D/dalvikvm(  775): GC_CONCURRENT freed 393K, 20% free 2661K/3308K, paused 8ms+9ms, total 49ms
W/BackupManagerService(  366): dataChanged but no participant pkg='com.android.providers.settings' uid=10033
V/WindowManager(  366): setAppVisibility(Token{40ddfea8 ActivityRecord{40d99508 u0 com.google.android.gsf.login/.NameActivity}}, visible=false): mNextAppTransition=8199 hidden=false hiddenRequested=false
V/WindowManager(  366): setAppVisibility(Token{40ddfea8 ActivityRecord{40d99508 u0 com.google.android.gsf.login/.NameActivity}}, visible=false): mNextAppTransition=8199 hidden=false hiddenRequested=true
V/WindowManager(  366): setAppVisibility(Token{40ea0b98 ActivityRecord{40d46600 u0 com.google.android.setupwizard/.SetupWizardActivity}}, visible=true): mNextAppTransition=8199 hidden=true hiddenRequested=true
V/WindowManager(  366): Skipping AppWindowToken{41029490 token=Token{40ddfea8 ActivityRecord{40d99508 u0 com.google.android.gsf.login/.NameActivity}}} -- going to hide
V/WindowManager(  366): No app is requesting an orientation
I/SetupWizard(  749): onActivityResult(10010, -1) lastActivity=10010
I/SetupWizard(  749): starting activity 10013
I/ActivityManager(  366): START u0 {cmp=com.google.android.setupwizard/.NoAccountTosActivity (has extras)} from pid 749
V/WindowManager(  366): Skipping set freeze of Token{410167f8 ActivityRecord{40d5b178 u0 com.google.android.setupwizard/.NoAccountTosActivity}}
V/WindowManager(  366): setAppVisibility(Token{410167f8 ActivityRecord{40d5b178 u0 com.google.android.setupwizard/.NoAccountTosActivity}}, visible=true): mNextAppTransition=4102 hidden=true hiddenRequested=true
V/WindowManager(  366): Skipping AppWindowToken{41029490 token=Token{40ddfea8 ActivityRecord{40d99508 u0 com.google.android.gsf.login/.NameActivity}}} -- going to hide
V/WindowManager(  366): Done at AppWindowToken{4116bbe0 token=Token{410167f8 ActivityRecord{40d5b178 u0 com.google.android.setupwizard/.NoAccountTosActivity}}} -- full screen, return -1
V/WindowManager(  366): setAppVisibility(Token{40ea0b98 ActivityRecord{40d46600 u0 com.google.android.setupwizard/.SetupWizardActivity}}, visible=false): mNextAppTransition=4102 hidden=true hiddenRequested=false
V/NetworkMonitor(  749): Starting NetworkMonitor
D/SetupWizard(  749): BaseActivity.onCreate() mIsFirstRun=true mAllNetworkSetupSkipped=true mIsSecondaryUser=false
V/NetworkMonitor(  749): GLS onServiceConnected
V/NetworkMonitor(  749): Network is DOWN, Checkin has NOT succeeded, GLS IS connected
V/NetworkMonitor(  749): Network is DOWN, Checkin has NOT succeeded, GLS IS connected
I/WindowStateAnimator(  366): createSurface WindowStateAnimator{4114c6f8 com.google.android.setupwizard/com.google.android.setupwizard.NoAccountTosActivity}: mDrawState=DRAW_PENDING
V/WindowManager(  366): Skipping AppWindowToken{41029490 token=Token{40ddfea8 ActivityRecord{40d99508 u0 com.google.android.gsf.login/.NameActivity}}} -- going to hide
V/WindowManager(  366): Done at AppWindowToken{4116bbe0 token=Token{410167f8 ActivityRecord{40d5b178 u0 com.google.android.setupwizard/.NoAccountTosActivity}}} -- full screen, return -1
V/WindowManager(  366): Eval win Window{40ec18d8 u0 com.google.android.setupwizard/com.google.android.setupwizard.NoAccountTosActivity}: isDrawn=false, isAnimating=true
V/WindowManager(  366): Not displayed: s=Surface(name=com.google.android.setupwizard/com.google.android.setupwizard.NoAccountTosActivity, identity=15) pv=true mDrawState=1 ah=false th=false a=false
V/WindowManager(  366): Resize reasons:  contentInsetsChanged=true visibleInsetsChanged=true surfaceResized=true configChanged=true
V/WindowManager(  366): Resizing window Window{40ec18d8 u0 com.google.android.setupwizard/com.google.android.setupwizard.NoAccountTosActivity} to 480.0x800.0
V/WindowManager(  366): Reporting new frame to Window{40ec18d8 u0 com.google.android.setupwizard/com.google.android.setupwizard.NoAccountTosActivity}: Rect(0, 0 - 480, 800)
I/WindowManager(  366): Sending new config to window Window{40ec18d8 u0 com.google.android.setupwizard/com.google.android.setupwizard.NoAccountTosActivity}: 480.0x800.0 / {1.0 ?mcc?mnc en_US ldltr sw384dp w384dp h615dp 200dpi nrml long port finger -keyb/v/h -nav/h s.6 themeResource=null} / 0x0
I/WindowManager(  366): Resizing Window{40ec18d8 u0 com.google.android.setupwizard/com.google.android.setupwizard.NoAccountTosActivity} WITH DRAW PENDING
V/WindowStateAnimator(  366): finishDrawingLocked: mDrawState=COMMIT_DRAW_PENDING WindowStateAnimator{4114c6f8 com.google.android.setupwizard/com.google.android.setupwizard.NoAccountTosActivity} in Surface(name=com.google.android.setupwizard/com.google.android.setupwizard.NoAccountTosActivity, identity=15)
V/WindowManager(  366): Eval win Window{40ec18d8 u0 com.google.android.setupwizard/com.google.android.setupwizard.NoAccountTosActivity}: isDrawn=true, isAnimating=true
V/WindowManager(  366): tokenMayBeDrawn: AppWindowToken{4116bbe0 token=Token{410167f8 ActivityRecord{40d5b178 u0 com.google.android.setupwizard/.NoAccountTosActivity}}} freezingScreen=false mAppFreezing=false
D/WindowManager(  366): frame: Rect(0, 0 - 480, 800) shown frame: RectF(0.0, 0.0, 480.0, 800.0)
D/WindowManager(  366): attr: WM.LayoutParams{(0,0)(fillxfill) sim=#110 ty=1 fl=#1810100 pfl=0x8 wanim=0x1030295 vsysui=0x400000} lp.flags=0x1810100
I/WindowManager(  366):   SURFACE SHOW (performShowLocked): Window{40ec18d8 u0 com.google.android.setupwizard/com.google.android.setupwizard.NoAccountTosActivity}
V/WindowManager(  366): Skipping AppWindowToken{41029490 token=Token{40ddfea8 ActivityRecord{40d99508 u0 com.google.android.gsf.login/.NameActivity}}} -- hidden on top
V/WindowManager(  366): Done at AppWindowToken{4116bbe0 token=Token{410167f8 ActivityRecord{40d5b178 u0 com.google.android.setupwizard/.NoAccountTosActivity}}} -- full screen, return -1
I/ActivityManager(  366): Displayed com.google.android.setupwizard/.NoAccountTosActivity: +399ms
D/WindowManager(  366): frame: Rect(0, 0 - 480, 800) shown frame: RectF(48.0, 80.0, 528.0, 880.0)
D/WindowManager(  366): attr: WM.LayoutParams{(0,0)(fillxfill) sim=#110 ty=1 fl=#1810100 pfl=0x8 wanim=0x1030295 vsysui=0x400000} lp.flags=0x1810100
D/WindowManager(  366): frame: Rect(0, 0 - 480, 800) shown frame: RectF(30.530685, 50.88449, 510.5307, 850.8845)
D/WindowManager(  366): attr: WM.LayoutParams{(0,0)(fillxfill) sim=#110 ty=1 fl=#1810100 pfl=0x8 wanim=0x1030295 vsysui=0x400000} lp.flags=0x1810100
V/WindowManager(  366): Skipping AppWindowToken{41029490 token=Token{40ddfea8 ActivityRecord{40d99508 u0 com.google.android.gsf.login/.NameActivity}}} -- hidden on top
V/WindowManager(  366): Done at AppWindowToken{4116bbe0 token=Token{410167f8 ActivityRecord{40d5b178 u0 com.google.android.setupwizard/.NoAccountTosActivity}}} -- full screen, return -1
W/IInputConnectionWrapper(  780): showStatusIcon on inactive InputConnection
I/ContactsDatabaseHelper(  775): Locale change completed in 1448ms
I/ContactsFTS(  775): Rebuild contact search index in 124ms, 0 contacts
D/WindowManager(  366): frame: Rect(0, 0 - 480, 800) shown frame: RectF(0.0, 0.0, 480.0, 800.0)
D/WindowManager(  366): attr: WM.LayoutParams{(0,0)(fillxfill) sim=#110 ty=1 fl=#1810100 pfl=0x8 wanim=0x1030295 vsysui=0x400000} lp.flags=0x1810100
D/WindowManager(  366): frame: Rect(0, 0 - 480, 800) shown frame: RectF(0.0, 0.0, 480.0, 800.0)
D/WindowManager(  366): attr: WM.LayoutParams{(0,0)(fillxfill) sim=#110 ty=1 fl=#1810100 pfl=0x8 wanim=0x1030295 vsysui=0x400000} lp.flags=0x1810100
V/WindowManager(  366): setAppVisibility(Token{40ea0b98 ActivityRecord{40d46600 u0 com.google.android.setupwizard/.SetupWizardActivity}}, visible=false): mNextAppTransition=-1 hidden=true hiddenRequested=true
D/WindowManager(  366): frame: Rect(0, 0 - 480, 800) shown frame: RectF(0.0, 0.0, 480.0, 800.0)
D/WindowManager(  366): attr: WM.LayoutParams{(0,0)(fillxfill) sim=#110 ty=1 fl=#1810100 pfl=0x8 wanim=0x1030295 vsysui=0x400000} lp.flags=0x1810100
I/ContactsProvider(  775): Upgrading aggregation algorithm
I/ContactAggregator(  775): Marked all visible contacts for aggregation: 0 raw contacts, 10 ms
I/ContactsProvider(  775): Aggregation algorithm upgraded for 0 raw contacts in 36ms
D/dalvikvm(  862): GC_CONCURRENT freed 234K, 16% free 2553K/3036K, paused 3ms+6ms, total 32ms
I/InputReader(  366): Reconfiguring input devices.  changes=0x00000010
V/WindowManager(  366): setAppVisibility(Token{410167f8 ActivityRecord{40d5b178 u0 com.google.android.setupwizard/.NoAccountTosActivity}}, visible=false): mNextAppTransition=8199 hidden=false hiddenRequested=false
D/dalvikvm(  366): GC_FOR_ALLOC freed 546K, 30% free 5460K/7696K, paused 72ms, total 74ms
V/WindowManager(  366): setAppVisibility(Token{410167f8 ActivityRecord{40d5b178 u0 com.google.android.setupwizard/.NoAccountTosActivity}}, visible=false): mNextAppTransition=8199 hidden=false hiddenRequested=true
V/WindowManager(  366): setAppVisibility(Token{40ea0b98 ActivityRecord{40d46600 u0 com.google.android.setupwizard/.SetupWizardActivity}}, visible=true): mNextAppTransition=8199 hidden=true hiddenRequested=true
V/WindowManager(  366): Skipping AppWindowToken{4116bbe0 token=Token{410167f8 ActivityRecord{40d5b178 u0 com.google.android.setupwizard/.NoAccountTosActivity}}} -- going to hide
V/WindowManager(  366): No app is requesting an orientation
