I/WindowManager(  366): Sending new config to window Window{410be240 u0 com.android.settings/com.android.settings.Settings}: 480.0x800.0 / {1.0 ?mcc?mnc en_US ldltr sw384dp w384dp h615dp 200dpi nrml long port finger -keyb/v/h -nav/h s.6 themeResource=null} / 0x0
I/WindowManager(  366): Resizing Window{410be240 u0 com.android.settings/com.android.settings.Settings} WITH DRAW PENDING
V/WindowManager(  366): Eval win Window{40e8c9c0 u0 Starting com.android.settings}: isDrawn=true, isAnimating=false
V/WindowManager(  366): Eval win Window{410be240 u0 com.android.settings/com.android.settings.Settings}: isDrawn=false, isAnimating=false
V/WindowManager(  366): Not displayed: s=Surface(name=com.android.settings/com.android.settings.Settings, identity=20) pv=true mDrawState=1 ah=false th=false a=false
D/WindowManager(  366): frame: Rect(0, 0 - 480, 800) shown frame: RectF(0.0, 0.0, 480.0, 800.0)
D/WindowManager(  366): attr: WM.LayoutParams{(0,0)(fillxfill) sim=#20 ty=3 fl=#1830118 pfl=0x19 wanim=0x1030295} lp.flags=0x1830118
V/WindowManager(  366): Eval win Window{40e8c9c0 u0 Starting com.android.settings}: isDrawn=true, isAnimating=false
V/WindowManager(  366): Eval win Window{410be240 u0 com.android.settings/com.android.settings.Settings}: isDrawn=false, isAnimating=false
V/WindowManager(  366): Not displayed: s=Surface(name=com.android.settings/com.android.settings.Settings, identity=20) pv=true mDrawState=1 ah=false th=false a=false
D/WifiService(  366): setWifiEnabled: true pid=706, uid=1000
D/dalvikvm(  706): GC_CONCURRENT freed 255K, 18% free 3353K/4060K, paused 6ms+9ms, total 50ms
D/BluetoothAdapter(  706): 1088707992: getState() :  mService = null. Returning STATE_OFF
W/BackupManagerService(  366): dataChanged but no participant pkg='com.android.providers.settings' uid=10011
D/WindowManager(  366): frame: Rect(0, 0 - 480, 800) shown frame: RectF(0.0, 0.0, 480.0, 800.0)
D/WindowManager(  366): attr: WM.LayoutParams{(0,0)(fillxfill) sim=#20 ty=3 fl=#1830118 pfl=0x19 wanim=0x1030295} lp.flags=0x1830118
V/WindowStateAnimator(  366): finishDrawingLocked: mDrawState=COMMIT_DRAW_PENDING WindowStateAnimator{410ee120 com.android.settings/com.android.settings.Settings} in Surface(name=com.android.settings/com.android.settings.Settings, identity=20)
V/WindowManager(  366): Eval win Window{40e8c9c0 u0 Starting com.android.settings}: isDrawn=true, isAnimating=false
V/WindowManager(  366): Eval win Window{410be240 u0 com.android.settings/com.android.settings.Settings}: isDrawn=true, isAnimating=false
V/WindowManager(  366): tokenMayBeDrawn: AppWindowToken{40e74968 token=Token{40ff5810 ActivityRecord{40d5b178 u0 com.android.settings/.Settings}}} freezingScreen=false mAppFreezing=false
I/WindowManager(  366):   SURFACE SHOW (performShowLocked): Window{410be240 u0 com.android.settings/com.android.settings.Settings}
I/ActivityManager(  366): Displayed com.android.settings/.Settings: +807ms
D/WindowManager(  366): frame: Rect(0, 0 - 480, 800) shown frame: RectF(0.0, 0.0, 480.0, 800.0)
D/WindowManager(  366): attr: WM.LayoutParams{(0,0)(fillxfill) sim=#20 ty=3 fl=#1830118 pfl=0x19 wanim=0x1030295} lp.flags=0x1830118
D/WindowManager(  366): frame: Rect(0, 0 - 480, 800) shown frame: RectF(0.0, 0.0, 480.0, 800.0)
D/WindowManager(  366): attr: WM.LayoutParams{(0,0)(fillxfill) sim=#110 ty=1 fl=#1810100 pfl=0x8 wanim=0x1030295} lp.flags=0x1810100
V/WindowManager(  366): setAppVisibility(Token{410431a0 ActivityRecord{4108fdd0 u0 com.android.launcher/com.android.launcher2.Launcher}}, visible=false): mNextAppTransition=-1 hidden=true hiddenRequested=true
D/WindowManager(  366): frame: Rect(0, 0 - 480, 800) shown frame: RectF(0.0, 0.0, 480.0, 800.0)
D/WindowManager(  366): attr: WM.LayoutParams{(0,0)(fillxfill) sim=#110 ty=1 fl=#1810100 pfl=0x8 wanim=0x1030295} lp.flags=0x1810100
D/WindowManager(  366): frame: Rect(0, 0 - 480, 800) shown frame: RectF(0.0, 0.0, 480.0, 800.0)
D/WindowManager(  366): attr: WM.LayoutParams{(0,0)(fillxfill) sim=#110 ty=1 fl=#1810100 pfl=0x8 wanim=0x1030295} lp.flags=0x1810100
D/dalvikvm(  862): GC_CONCURRENT freed 161K, 25% free 2835K/3740K, paused 3ms+4ms, total 27ms
I/SampleTable(  113): There are reordered frames present.
I/SampleTable(  113): There are reordered frames present.
D/dalvikvm(  366): GC_EXPLICIT freed 245K, 26% free 5834K/7804K, paused 4ms+23ms, total 108ms
I/ActivityManager(  366): START u0 {act=android.intent.action.MAIN cmp=com.android.settings/.SubSettings (has extras)} from pid 706
D/dalvikvm(  366): GC_FOR_ALLOC freed 159K, 27% free 5740K/7804K, paused 54ms, total 55ms
I/dalvikvm-heap(  366): Grow heap (frag case) to 5.987MB for 148436-byte allocation
D/dalvikvm(  366): GC_FOR_ALLOC freed <1K, 26% free 5884K/7952K, paused 55ms, total 55ms
V/WindowManager(  366): Skipping set freeze of Token{40d3c460 ActivityRecord{40d17f58 u0 com.android.settings/.SubSettings}}
V/WindowManager(  366): setAppVisibility(Token{40d3c460 ActivityRecord{40d17f58 u0 com.android.settings/.SubSettings}}, visible=true): mNextAppTransition=4102 hidden=true hiddenRequested=true
V/WindowManager(  366): Done at AppWindowToken{4116bbe0 token=Token{40d3c460 ActivityRecord{40d17f58 u0 com.android.settings/.SubSettings}}} -- full screen, return -1
V/WindowManager(  366): setAppVisibility(Token{40ff5810 ActivityRecord{40d5b178 u0 com.android.settings/.Settings}}, visible=false): mNextAppTransition=4102 hidden=false hiddenRequested=false
D/dalvikvm(  706): GC_CONCURRENT freed 247K, 13% free 3546K/4060K, paused 8ms+14ms, total 64ms
I/WindowStateAnimator(  366): createSurface WindowStateAnimator{41147140 com.android.settings/com.android.settings.SubSettings}: mDrawState=DRAW_PENDING
V/WindowManager(  366): Done at AppWindowToken{4116bbe0 token=Token{40d3c460 ActivityRecord{40d17f58 u0 com.android.settings/.SubSettings}}} -- full screen, return -1
V/WindowManager(  366): Eval win Window{40ec18d8 u0 com.android.settings/com.android.settings.SubSettings}: isDrawn=false, isAnimating=true
V/WindowManager(  366): Not displayed: s=Surface(name=com.android.settings/com.android.settings.SubSettings, identity=21) pv=true mDrawState=1 ah=false th=false a=false
V/WindowManager(  366): Resize reasons:  contentInsetsChanged=true visibleInsetsChanged=true surfaceResized=true configChanged=true
V/WindowManager(  366): Resizing window Window{40ec18d8 u0 com.android.settings/com.android.settings.SubSettings} to 480.0x800.0
V/WindowManager(  366): Reporting new frame to Window{40ec18d8 u0 com.android.settings/com.android.settings.SubSettings}: Rect(0, 0 - 480, 800)
I/WindowManager(  366): Sending new config to window Window{40ec18d8 u0 com.android.settings/com.android.settings.SubSettings}: 480.0x800.0 / {1.0 ?mcc?mnc en_US ldltr sw384dp w384dp h615dp 200dpi nrml long port finger -keyb/v/h -nav/h s.6 themeResource=null} / 0x0
I/WindowManager(  366): Resizing Window{40ec18d8 u0 com.android.settings/com.android.settings.SubSettings} WITH DRAW PENDING
I/ActivityManager(  366): Displayed com.android.settings/.SubSettings: +396ms
V/WindowStateAnimator(  366): finishDrawingLocked: mDrawState=COMMIT_DRAW_PENDING WindowStateAnimator{41147140 com.android.settings/com.android.settings.SubSettings} in Surface(name=com.android.settings/com.android.settings.SubSettings, identity=21)
V/WindowManager(  366): Eval win Window{40ec18d8 u0 com.android.settings/com.android.settings.SubSettings}: isDrawn=true, isAnimating=true
V/WindowManager(  366): tokenMayBeDrawn: AppWindowToken{4116bbe0 token=Token{40d3c460 ActivityRecord{40d17f58 u0 com.android.settings/.SubSettings}}} freezingScreen=false mAppFreezing=false
I/WindowManager(  366):   SURFACE SHOW (performShowLocked): Window{40ec18d8 u0 com.android.settings/com.android.settings.SubSettings}
D/WindowManager(  366): frame: Rect(0, 0 - 480, 800) shown frame: RectF(0.0, 0.0, 480.0, 800.0)
D/WindowManager(  366): attr: WM.LayoutParams{(0,0)(fillxfill) sim=#110 ty=1 fl=#1810100 pfl=0x8 wanim=0x1030295} lp.flags=0x1810100
V/WindowManager(  366): Done at AppWindowToken{4116bbe0 token=Token{40d3c460 ActivityRecord{40d17f58 u0 com.android.settings/.SubSettings}}} -- full screen, return -1
D/WindowManager(  366): frame: Rect(0, 0 - 480, 800) shown frame: RectF(48.0, 80.0, 528.0, 880.0)
D/WindowManager(  366): attr: WM.LayoutParams{(0,0)(fillxfill) sim=#110 ty=1 fl=#1810100 pfl=0x8 wanim=0x1030295} lp.flags=0x1810100
V/WindowManager(  366): Done at AppWindowToken{4116bbe0 token=Token{40d3c460 ActivityRecord{40d17f58 u0 com.android.settings/.SubSettings}}} -- full screen, return -1
D/WindowManager(  366): frame: Rect(0, 0 - 480, 800) shown frame: RectF(0.8765106, 1.4608765, 480.87653, 801.4609)
D/WindowManager(  366): attr: WM.LayoutParams{(0,0)(fillxfill) sim=#110 ty=1 fl=#1810100 pfl=0x8 wanim=0x1030295} lp.flags=0x1810100
D/WindowManager(  366): frame: Rect(0, 0 - 480, 800) shown frame: RectF(0.0, 0.0, 480.0, 800.0)
D/WindowManager(  366): attr: WM.LayoutParams{(0,0)(fillxfill) sim=#110 ty=1 fl=#1810100 pfl=0x8 wanim=0x1030295} lp.flags=0x1810100
D/WindowManager(  366): frame: Rect(0, 0 - 480, 800) shown frame: RectF(0.0, 0.0, 480.0, 800.0)
D/WindowManager(  366): attr: WM.LayoutParams{(0,0)(fillxfill) sim=#110 ty=1 fl=#1810100 pfl=0x8 wanim=0x1030295} lp.flags=0x1810100
V/WindowManager(  366): setAppVisibility(Token{40ff5810 ActivityRecord{40d5b178 u0 com.android.settings/.Settings}}, visible=false): mNextAppTransition=-1 hidden=true hiddenRequested=true
D/WindowManager(  366): frame: Rect(0, 0 - 480, 800) shown frame: RectF(0.0, 0.0, 480.0, 800.0)
D/WindowManager(  366): attr: WM.LayoutParams{(0,0)(fillxfill) sim=#110 ty=1 fl=#1810100 pfl=0x8 wanim=0x1030295} lp.flags=0x1810100
V/WindowManager(  366): Done at AppWindowToken{4116bbe0 token=Token{40d3c460 ActivityRecord{40d17f58 u0 com.android.settings/.SubSettings}}} -- full screen, return -1
D/dalvikvm(  862): GC_CONCURRENT freed 334K, 23% free 2887K/3740K, paused 3ms+5ms, total 30ms
D/dalvikvm(  706): GC_CONCURRENT freed 195K, 11% free 3750K/4192K, paused 7ms+4ms, total 49ms
V/WindowManager(  366): onProposedRotationChanged, rotation=0
D/WindowManager(  366): frame: Rect(0, 0 - 480, 800) shown frame: RectF(0.0, 0.0, 480.0, 800.0)
D/WindowManager(  366): attr: WM.LayoutParams{(0,0)(fillxfill) sim=#110 ty=1 fl=#1810100 pfl=0x8 wanim=0x1030295} lp.flags=0x1810100
V/WindowManager(  366): updateRotationUnchecked(alwaysSendConfiguration=false)
V/WindowManager(  366): Application requested orientation -1, got rotation 0 which has compatible metrics
D/CommandListener(  107): Clearing all IP addresses on wlan0
D/WifiService(  366): setWifiEnabled: false pid=706, uid=1000
D/ConnectivityService(  366): ConnectivityChange for WIFI: DISCONNECTED/DISCONNECTED
I/wpa_supplicant( 1440): wlan0: CTRL-EVENT-TERMINATING 
D/BluetoothAdapter(  706): 1088707992: getState() :  mService = null. Returning STATE_OFF
D/dalvikvm(  366): GC_EXPLICIT freed 274K, 26% free 5917K/7952K, paused 12ms+7ms, total 203ms
D/ConnectivityService(  366): Attempting to switch to mobile
D/ConnectivityService(  366): Attempting to switch to BLUETOOTH_TETHER
V/NetworkMonitor( 1562): Intent { act=android.net.conn.CONNECTIVITY_CHANGE_IMMEDIATE flg=0x8000010 (has extras) }
D/WindowManager(  366): frame: Rect(0, 0 - 480, 800) shown frame: RectF(0.0, 0.0, 480.0, 800.0)
D/WindowManager(  366): attr: WM.LayoutParams{(0,0)(fillxfill) sim=#20 ty=1 fl=#1810100 pfl=0x8 wanim=0x1030295} lp.flags=0x1810100
V/WindowManager(  366): Done at AppWindowToken{4116bbe0 token=Token{40d3c460 ActivityRecord{40d17f58 u0 com.android.settings/.SubSettings}}} -- full screen, return -1
V/NetworkMonitor( 1562): Network is DOWN, Checkin HAS succeeded, GLS IS connected
W/Netd    (  107): No subsystem found in netlink event
D/NetlinkEvent(  107): Unexpected netlink message. type=0x11
V/WindowManager(  366): onProposedRotationChanged, rotation=0
D/WindowManager(  366): frame: Rect(0, 0 - 480, 800) shown frame: RectF(0.0, 0.0, 480.0, 800.0)
D/WindowManager(  366): attr: WM.LayoutParams{(0,0)(fillxfill) sim=#20 ty=1 fl=#1810100 pfl=0x8 wanim=0x1030295} lp.flags=0x1810100
V/WindowManager(  366): updateRotationUnchecked(alwaysSendConfiguration=false)
V/WindowManager(  366): Application requested orientation -1, got rotation 0 which has compatible metrics
D/dalvikvm(  862): GC_CONCURRENT freed 306K, 21% free 2965K/3740K, paused 3ms+6ms, total 31ms
D/dalvikvm(  366): GC_EXPLICIT freed 194K, 26% free 5904K/7952K, paused 3ms+6ms, total 74ms
D/BluetoothAdapter(  706): 1088707992: getState() :  mService = null. Returning STATE_OFF
D/dalvikvm(  862): GC_CONCURRENT freed 301K, 19% free 3048K/3740K, paused 4ms+4ms, total 32ms
D/dalvikvm(  366): GC_EXPLICIT freed 144K, 26% free 5897K/7952K, paused 4ms+6ms, total 74ms
D/dalvikvm(  366): GC_EXPLICIT freed 117K, 26% free 5896K/7952K, paused 5ms+7ms, total 73ms
D/dalvikvm(  862): GC_CONCURRENT freed 300K, 17% free 3135K/3740K, paused 3ms+6ms, total 34ms
D/Tethering(  366): MasterInitialState.processMessage what=3
V/NetworkMonitor( 1562): Intent { act=android.net.conn.CONNECTIVITY_CHANGE flg=0x8000010 (has extras) }
I/ActivityManager(  366): Start proc com.fuss.stats for broadcast com.fuss.stats/.ReportingServiceManager: pid=1610 uid=10000 gids={50000, 3003, 1028}
V/NetworkMonitor( 1562): Network is DOWN, Checkin HAS succeeded, GLS IS connected
E/Trace   ( 1610): error opening trace file: No such file or directory (2)
D/FussStats( 1610): CONNECTIVITY_ACTION: noConnectivity = true
I/ActivityManager(  366): Start proc com.google.android.apps.uploader for broadcast com.google.android.apps.uploader/com.google.android.picasasync.ConnectivityReceiver: pid=1624 uid=10032 gids={50032, 3003, 1015, 1028}
E/Trace   ( 1624): error opening trace file: No such file or directory (2)
D/dalvikvm( 1624): GC_CONCURRENT freed 387K, 22% free 2273K/2908K, paused 9ms+2ms, total 30ms
D/dalvikvm(  366): GC_EXPLICIT freed 142K, 26% free 5908K/7952K, paused 3ms+6ms, total 78ms
I/System  (  366): Loaded time zone names for  in 231ms (223ms in ICU)
I/System  (  366): Loaded time zone names for en_US in 166ms (161ms in ICU)
D/ConnectivityService(  366): handleInetConditionChange: no active default network - ignore
I/ActivityManager(  366): No longer want com.google.android.partnersetup (pid 825): empty #17
E/GTalkService(  846): getAccountForAndroidId: get ANDROID_ID returned 0!
D/ConnectivityService(  366): handleInetConditionChange: no active default network - ignore
D/PicasaUploader( 1624): System upgrade from null to 4.2.2
D/PicasaUploader( 1624):    wifiOnlyPhoto changed to true
D/PicasaUploader( 1624):    wifiOnlyVideo changed to true
D/PicasaUploader( 1624):    syncOnBattery changed to true
D/PicasaUploaderSync( 1624): sync account database
D/PicasaUploader( 1624): set fsid=1195493241
D/dalvikvm(  687): GC_CONCURRENT freed 253K, 16% free 2679K/3176K, paused 3ms+6ms, total 35ms
D/PicasaUploaderSync( 1624): accounts in DB=0
D/PicasaUploaderSyncManager( 1624): background data: true
D/dalvikvm( 1624): GC_CONCURRENT freed 333K, 22% free 2325K/2948K, paused 3ms+2ms, total 20ms
D/PicasaUploaderSyncManager( 1624): battery info: true
D/dalvikvm(  862): GC_CONCURRENT freed 311K, 15% free 3211K/3772K, paused 3ms+7ms, total 38ms
D/PicasaUploaderSync( 1624): sync account database
D/PicasaUploaderSync( 1624): accounts in DB=0
D/dalvikvm(  687): GC_CONCURRENT freed 402K, 20% free 2668K/3316K, paused 3ms+9ms, total 31ms
D/dalvikvm(  366): GC_EXPLICIT freed 462K, 25% free 6001K/7952K, paused 4ms+5ms, total 81ms
D/dalvikvm(  687): GC_CONCURRENT freed 403K, 20% free 2679K/3328K, paused 3ms+10ms, total 41ms
D/dalvikvm(  687): GC_CONCURRENT freed 394K, 20% free 2682K/3328K, paused 3ms+11ms, total 33ms
D/dalvikvm(  687): GC_CONCURRENT freed 387K, 20% free 2687K/3328K, paused 3ms+7ms, total 27ms
D/dalvikvm(  862): GC_CONCURRENT freed 303K, 15% free 3297K/3848K, paused 3ms+4ms, total 40ms
D/dalvikvm(  687): GC_CONCURRENT freed 390K, 20% free 2686K/3328K, paused 3ms+6ms, total 26ms
D/dalvikvm(  862): GC_CONCURRENT freed 497K, 19% free 3192K/3936K, paused 3ms+2ms, total 39ms
D/dalvikvm(  687): GC_CONCURRENT freed 393K, 20% free 2685K/3328K, paused 3ms+9ms, total 30ms
D/dalvikvm(  687): GC_CONCURRENT freed 384K, 20% free 2687K/3328K, paused 3ms+5ms, total 27ms
D/dalvikvm(  862): GC_CONCURRENT freed 396K, 20% free 3186K/3936K, paused 3ms+7ms, total 53ms
D/dalvikvm(  687): GC_CONCURRENT freed 410K, 20% free 2688K/3344K, paused 3ms+10ms, total 39ms
D/dalvikvm(  687): GC_CONCURRENT freed 386K, 20% free 2687K/3344K, paused 3ms+2ms, total 32ms
D/dalvikvm(  862): GC_CONCURRENT freed 377K, 19% free 3198K/3944K, paused 17ms+5ms, total 59ms
D/dalvikvm(  862): GC_CONCURRENT freed 542K, 23% free 3043K/3944K, paused 4ms+2ms, total 54ms
D/dalvikvm(  862): GC_CONCURRENT freed 402K, 23% free 3049K/3944K, paused 3ms+3ms, total 40ms
D/dalvikvm(  862): GC_CONCURRENT freed 382K, 23% free 3052K/3944K, paused 3ms+2ms, total 30ms
D/dalvikvm(  862): GC_CONCURRENT freed 382K, 23% free 3057K/3944K, paused 5ms+5ms, total 37ms
D/dalvikvm(  862): GC_CONCURRENT freed 382K, 23% free 3062K/3944K, paused 3ms+4ms, total 40ms
D/dalvikvm(  366): GC_EXPLICIT freed 112K, 25% free 5989K/7952K, paused 3ms+7ms, total 74ms
D/dalvikvm(  862): GC_CONCURRENT freed 603K, 28% free 2845K/3944K, paused 3ms+3ms, total 31ms
D/dalvikvm(  366): GC_EXPLICIT freed 87K, 25% free 5988K/7952K, paused 3ms+6ms, total 73ms
D/dalvikvm(  366): GC_EXPLICIT freed 87K, 25% free 5988K/7952K, paused 3ms+6ms, total 74ms
D/dalvikvm(  862): GC_CONCURRENT freed 263K, 25% free 2966K/3944K, paused 3ms+5ms, total 33ms
D/dalvikvm(  366): GC_EXPLICIT freed 86K, 25% free 5988K/7952K, paused 3ms+6ms, total 73ms
D/dalvikvm(  862): GC_CONCURRENT freed 308K, 23% free 3044K/3944K, paused 3ms+4ms, total 39ms
D/dalvikvm(  366): GC_EXPLICIT freed 87K, 25% free 5988K/7952K, paused 4ms+7ms, total 73ms
D/dalvikvm(  862): GC_CONCURRENT freed 301K, 21% free 3128K/3944K, paused 5ms+4ms, total 35ms
D/dalvikvm(  366): GC_EXPLICIT freed 88K, 25% free 5988K/7952K, paused 4ms+6ms, total 74ms
D/dalvikvm(  862): GC_CONCURRENT freed 301K, 19% free 3211K/3944K, paused 3ms+6ms, total 34ms
D/dalvikvm(  366): GC_EXPLICIT freed 87K, 25% free 5988K/7952K, paused 4ms+6ms, total 72ms
D/dalvikvm(  366): GC_EXPLICIT freed 86K, 25% free 5988K/7952K, paused 4ms+6ms, total 74ms
D/dalvikvm(  862): GC_CONCURRENT freed 303K, 17% free 3296K/3944K, paused 3ms+5ms, total 35ms
D/dalvikvm(  366): GC_EXPLICIT freed 87K, 25% free 5988K/7952K, paused 4ms+6ms, total 75ms
D/dalvikvm(  862): GC_CONCURRENT freed 310K, 15% free 3375K/3944K, paused 3ms+4ms, total 36ms
D/dalvikvm(  862): GC_CONCURRENT freed 468K, 18% free 3318K/4036K, paused 3ms+4ms, total 44ms
D/dalvikvm(  862): GC_CONCURRENT freed 445K, 19% free 3279K/4036K, paused 3ms+4ms, total 44ms
D/dalvikvm(  862): GC_CONCURRENT freed 397K, 19% free 3291K/4036K, paused 3ms+2ms, total 40ms
D/dalvikvm(  862): GC_CONCURRENT freed 585K, 24% free 3114K/4048K, paused 3ms+3ms, total 42ms
D/dalvikvm(  862): GC_CONCURRENT freed 403K, 23% free 3119K/4048K, paused 3ms+2ms, total 38ms
D/dalvikvm(  862): GC_CONCURRENT freed 401K, 23% free 3128K/4048K, paused 3ms+2ms, total 41ms
D/dalvikvm(  862): GC_CONCURRENT freed 406K, 23% free 3129K/4048K, paused 3ms+4ms, total 40ms
D/dalvikvm(  862): GC_CONCURRENT freed 383K, 23% free 3133K/4048K, paused 3ms+2ms, total 31ms
D/dalvikvm(  366): GC_EXPLICIT freed 87K, 25% free 5988K/7952K, paused 3ms+6ms, total 73ms
D/dalvikvm(  862): GC_CONCURRENT freed 653K, 30% free 2865K/4048K, paused 3ms+3ms, total 31ms
D/WifiService(  366): setWifiEnabled: true pid=706, uid=1000
D/BluetoothAdapter(  706): 1088707992: getState() :  mService = null. Returning STATE_OFF
D/dalvikvm(  366): GC_EXPLICIT freed 112K, 25% free 5990K/7952K, paused 3ms+6ms, total 73ms
D/dalvikvm(  862): GC_CONCURRENT freed 231K, 26% free 3019K/4048K, paused 3ms+4ms, total 31ms
D/dalvikvm(  366): GC_EXPLICIT freed 88K, 25% free 5988K/7952K, paused 4ms+5ms, total 74ms
D/dalvikvm(  862): GC_CONCURRENT freed 302K, 24% free 3101K/4048K, paused 3ms+3ms, total 31ms
D/dalvikvm(  366): GC_EXPLICIT freed 87K, 25% free 5988K/7952K, paused 3ms+7ms, total 73ms
D/dalvikvm(  366): GC_EXPLICIT freed 86K, 25% free 5988K/7952K, paused 3ms+5ms, total 73ms
D/dalvikvm(  862): GC_CONCURRENT freed 300K, 22% free 3187K/4048K, paused 4ms+5ms, total 37ms
D/SoftapController(  107): Softap fwReload - Ok
D/CommandListener(  107): Setting iface cfg
D/CommandListener(  107): Trying to bring down wlan0
E/WifiHW  (  366): Unable to open connection to supplicant on "wlan0": No such file or directory
I/wpa_supplicant( 1653): Successfully initialized wpa_supplicant
D/dalvikvm(  366): GC_EXPLICIT freed 110K, 25% free 5995K/7952K, paused 11ms+6ms, total 82ms
D/dalvikvm(  862): GC_CONCURRENT freed 309K, 20% free 3263K/4048K, paused 3ms+5ms, total 36ms
E/WifiConfigStore(  366): Error parsing configurationjava.io.FileNotFoundException: /data/misc/wifi/ipconfig.txt: open failed: ENOENT (No such file or directory)
D/BluetoothAdapter(  706): 1088707992: getState() :  mService = null. Returning STATE_OFF
D/dalvikvm(  366): GC_EXPLICIT freed 127K, 25% free 5994K/7952K, paused 4ms+6ms, total 77ms
D/WindowManager(  366): frame: Rect(0, 0 - 480, 800) shown frame: RectF(0.0, 0.0, 480.0, 800.0)
D/WindowManager(  366): attr: WM.LayoutParams{(0,0)(fillxfill) sim=#10 ty=1 fl=#1810100 pfl=0x8 wanim=0x1030295} lp.flags=0x1810100
V/WindowManager(  366): Done at AppWindowToken{4116bbe0 token=Token{40d3c460 ActivityRecord{40d17f58 u0 com.android.settings/.SubSettings}}} -- full screen, return -1
D/dalvikvm(  862): GC_CONCURRENT freed 303K, 18% free 3347K/4048K, paused 3ms+5ms, total 66ms
D/dalvikvm(  366): GC_EXPLICIT freed 115K, 25% free 5998K/7952K, paused 3ms+6ms, total 74ms
D/dalvikvm(  862): GC_CONCURRENT freed 301K, 16% free 3433K/4048K, paused 4ms+5ms, total 39ms
D/dalvikvm(  366): GC_EXPLICIT freed 89K, 25% free 5995K/7952K, paused 3ms+12ms, total 121ms
D/dalvikvm(  862): GC_CONCURRENT freed 304K, 14% free 3515K/4068K, paused 4ms+4ms, total 39ms
D/dalvikvm(  862): GC_CONCURRENT freed 541K, 19% free 3383K/4172K, paused 4ms+4ms, total 46ms
D/dalvikvm(  862): GC_CONCURRENT freed 399K, 19% free 3393K/4172K, paused 3ms+4ms, total 44ms
D/dalvikvm(  862): GC_CONCURRENT freed 380K, 19% free 3403K/4172K, paused 3ms+12ms, total 45ms
