I/SetupWizard(  749): onActivityResult(10013, -1) lastActivity=10013
I/SetupWizard(  749): starting activity 10012
I/ActivityManager(  366): START u0 {cmp=com.google.android.setupwizard/.SetupCompleteActivity (has extras)} from pid 749
V/WindowManager(  366): Skipping set freeze of Token{4110ce58 ActivityRecord{40d17f58 u0 com.google.android.setupwizard/.SetupCompleteActivity}}
V/WindowManager(  366): setAppVisibility(Token{4110ce58 ActivityRecord{40d17f58 u0 com.google.android.setupwizard/.SetupCompleteActivity}}, visible=true): mNextAppTransition=4102 hidden=true hiddenRequested=true
V/WindowManager(  366): Skipping AppWindowToken{4116bbe0 token=Token{410167f8 ActivityRecord{40d5b178 u0 com.google.android.setupwizard/.NoAccountTosActivity}}} -- going to hide
V/WindowManager(  366): Done at AppWindowToken{4116a2f8 token=Token{4110ce58 ActivityRecord{40d17f58 u0 com.google.android.setupwizard/.SetupCompleteActivity}}} -- full screen, return -1
V/WindowManager(  366): setAppVisibility(Token{40ea0b98 ActivityRecord{40d46600 u0 com.google.android.setupwizard/.SetupWizardActivity}}, visible=false): mNextAppTransition=4102 hidden=true hiddenRequested=false
V/NetworkMonitor(  749): Starting NetworkMonitor
D/SetupWizard(  749): BaseActivity.onCreate() mIsFirstRun=true mAllNetworkSetupSkipped=true mIsSecondaryUser=false
D/dalvikvm(  749): GC_CONCURRENT freed 314K, 27% free 3596K/4924K, paused 7ms+5ms, total 137ms
V/NetworkMonitor(  749): GLS onServiceConnected
V/NetworkMonitor(  749): Network is DOWN, Checkin has NOT succeeded, GLS IS connected
V/NetworkMonitor(  749): Network is DOWN, Checkin has NOT succeeded, GLS IS connected
I/WindowStateAnimator(  366): createSurface WindowStateAnimator{41147140 com.google.android.setupwizard/com.google.android.setupwizard.SetupCompleteActivity}: mDrawState=DRAW_PENDING
V/WindowManager(  366): Skipping AppWindowToken{4116bbe0 token=Token{410167f8 ActivityRecord{40d5b178 u0 com.google.android.setupwizard/.NoAccountTosActivity}}} -- going to hide
V/WindowManager(  366): Done at AppWindowToken{4116a2f8 token=Token{4110ce58 ActivityRecord{40d17f58 u0 com.google.android.setupwizard/.SetupCompleteActivity}}} -- full screen, return -1
V/WindowManager(  366): Eval win Window{40e88a88 u0 com.google.android.setupwizard/com.google.android.setupwizard.SetupCompleteActivity}: isDrawn=false, isAnimating=true
V/WindowManager(  366): Not displayed: s=Surface(name=com.google.android.setupwizard/com.google.android.setupwizard.SetupCompleteActivity, identity=16) pv=true mDrawState=1 ah=false th=false a=false
V/WindowManager(  366): Resize reasons:  contentInsetsChanged=true visibleInsetsChanged=true surfaceResized=true configChanged=true
V/WindowManager(  366): Resizing window Window{40e88a88 u0 com.google.android.setupwizard/com.google.android.setupwizard.SetupCompleteActivity} to 480.0x800.0
V/WindowManager(  366): Reporting new frame to Window{40e88a88 u0 com.google.android.setupwizard/com.google.android.setupwizard.SetupCompleteActivity}: Rect(0, 0 - 480, 800)
I/WindowManager(  366): Sending new config to window Window{40e88a88 u0 com.google.android.setupwizard/com.google.android.setupwizard.SetupCompleteActivity}: 480.0x800.0 / {1.0 ?mcc?mnc en_US ldltr sw384dp w384dp h615dp 200dpi nrml long port finger -keyb/v/h -nav/h s.6 themeResource=null} / 0x0
I/WindowManager(  366): Resizing Window{40e88a88 u0 com.google.android.setupwizard/com.google.android.setupwizard.SetupCompleteActivity} WITH DRAW PENDING
I/ActivityManager(  366): Displayed com.google.android.setupwizard/.SetupCompleteActivity: +280ms
D/WindowManager(  366): frame: Rect(0, 0 - 480, 800) shown frame: RectF(0.0, 0.0, 480.0, 800.0)
D/WindowManager(  366): attr: WM.LayoutParams{(0,0)(fillxfill) sim=#120 ty=1 fl=#1810100 pfl=0x8 wanim=0x1030295 vsysui=0x400000} lp.flags=0x1810100
V/WindowStateAnimator(  366): finishDrawingLocked: mDrawState=COMMIT_DRAW_PENDING WindowStateAnimator{41147140 com.google.android.setupwizard/com.google.android.setupwizard.SetupCompleteActivity} in Surface(name=com.google.android.setupwizard/com.google.android.setupwizard.SetupCompleteActivity, identity=16)
V/WindowManager(  366): Eval win Window{40e88a88 u0 com.google.android.setupwizard/com.google.android.setupwizard.SetupCompleteActivity}: isDrawn=true, isAnimating=true
V/WindowManager(  366): tokenMayBeDrawn: AppWindowToken{4116a2f8 token=Token{4110ce58 ActivityRecord{40d17f58 u0 com.google.android.setupwizard/.SetupCompleteActivity}}} freezingScreen=false mAppFreezing=false
I/WindowManager(  366):   SURFACE SHOW (performShowLocked): Window{40e88a88 u0 com.google.android.setupwizard/com.google.android.setupwizard.SetupCompleteActivity}
V/WindowManager(  366): Skipping AppWindowToken{4116bbe0 token=Token{410167f8 ActivityRecord{40d5b178 u0 com.google.android.setupwizard/.NoAccountTosActivity}}} -- hidden on top
V/WindowManager(  366): Done at AppWindowToken{4116a2f8 token=Token{4110ce58 ActivityRecord{40d17f58 u0 com.google.android.setupwizard/.SetupCompleteActivity}}} -- full screen, return -1
D/WindowManager(  366): frame: Rect(0, 0 - 480, 800) shown frame: RectF(0.0, 0.0, 480.0, 800.0)
D/WindowManager(  366): attr: WM.LayoutParams{(0,0)(fillxfill) sim=#120 ty=1 fl=#1810100 pfl=0x8 wanim=0x1030295 vsysui=0x400000} lp.flags=0x1810100
D/WindowManager(  366): frame: Rect(0, 0 - 480, 800) shown frame: RectF(48.0, 80.0, 528.0, 880.0)
D/WindowManager(  366): attr: WM.LayoutParams{(0,0)(fillxfill) sim=#120 ty=1 fl=#1810100 pfl=0x8 wanim=0x1030295 vsysui=0x400000} lp.flags=0x1810100
D/WindowManager(  366): frame: Rect(0, 0 - 480, 800) shown frame: RectF(48.0, 80.0, 528.0, 880.0)
D/WindowManager(  366): attr: WM.LayoutParams{(0,0)(fillxfill) sim=#120 ty=1 fl=#1810100 pfl=0x8 wanim=0x1030295 vsysui=0x400000} lp.flags=0x1810100
V/WindowManager(  366): Skipping AppWindowToken{4116bbe0 token=Token{410167f8 ActivityRecord{40d5b178 u0 com.google.android.setupwizard/.NoAccountTosActivity}}} -- hidden on top
V/WindowManager(  366): Done at AppWindowToken{4116a2f8 token=Token{4110ce58 ActivityRecord{40d17f58 u0 com.google.android.setupwizard/.SetupCompleteActivity}}} -- full screen, return -1
D/WindowManager(  366): frame: Rect(0, 0 - 480, 800) shown frame: RectF(0.0, 0.0, 480.0, 800.0)
D/WindowManager(  366): attr: WM.LayoutParams{(0,0)(fillxfill) sim=#120 ty=1 fl=#1810100 pfl=0x8 wanim=0x1030295 vsysui=0x400000} lp.flags=0x1810100
D/WindowManager(  366): frame: Rect(0, 0 - 480, 800) shown frame: RectF(0.0, 0.0, 480.0, 800.0)
D/WindowManager(  366): attr: WM.LayoutParams{(0,0)(fillxfill) sim=#120 ty=1 fl=#1810100 pfl=0x8 wanim=0x1030295 vsysui=0x400000} lp.flags=0x1810100
V/WindowManager(  366): setAppVisibility(Token{40ea0b98 ActivityRecord{40d46600 u0 com.google.android.setupwizard/.SetupWizardActivity}}, visible=false): mNextAppTransition=-1 hidden=true hiddenRequested=true
V/NetworkMonitor(  749): Stopped NetworkMonitor
D/WindowManager(  366): frame: Rect(0, 0 - 480, 800) shown frame: RectF(0.0, 0.0, 480.0, 800.0)
D/WindowManager(  366): attr: WM.LayoutParams{(0,0)(fillxfill) sim=#120 ty=1 fl=#1810100 pfl=0x8 wanim=0x1030295 vsysui=0x400000} lp.flags=0x1810100
E/MetadataRetrieverClient(  113): failed to extract an album art
W/BackupManagerService(  366): dataChanged but no participant pkg='com.android.providers.settings' uid=10033
V/WindowManager(  366): setAppVisibility(Token{4110ce58 ActivityRecord{40d17f58 u0 com.google.android.setupwizard/.SetupCompleteActivity}}, visible=false): mNextAppTransition=8199 hidden=false hiddenRequested=false
D/dalvikvm(  366): GC_FOR_ALLOC freed 356K, 30% free 5393K/7660K, paused 61ms, total 62ms
V/WindowManager(  366): setAppVisibility(Token{4110ce58 ActivityRecord{40d17f58 u0 com.google.android.setupwizard/.SetupCompleteActivity}}, visible=false): mNextAppTransition=8199 hidden=false hiddenRequested=true
V/WindowManager(  366): setAppVisibility(Token{40ea0b98 ActivityRecord{40d46600 u0 com.google.android.setupwizard/.SetupWizardActivity}}, visible=true): mNextAppTransition=8199 hidden=true hiddenRequested=true
V/WindowManager(  366): Skipping AppWindowToken{4116a2f8 token=Token{4110ce58 ActivityRecord{40d17f58 u0 com.google.android.setupwizard/.SetupCompleteActivity}}} -- going to hide
V/WindowManager(  366): No app is requesting an orientation
I/SetupWizard(  749): onActivityResult(10012, -1) lastActivity=10012
I/SetupWizard(  749): mabyeStartPrepaySetup()
I/SetupWizard(  749): is not LTE
V/WindowManager(  366): updateRotationUnchecked(alwaysSendConfiguration=false)
V/WindowManager(  366): Application requested orientation -1, got rotation 0 which has compatible metrics
D/SizeAdaptiveLayout(  609): com.android.internal.widget.SizeAdaptiveLayout{40e98750 V.E..... ......I. 0,0-0,0 #7f090065 app:id/adaptive}child view android.widget.FrameLayout{40ddb9c0 G.E..... ......ID 0,0-0,0 #102032a android:id/status_bar_latest_event_content} measured out of bounds at 80px clamped to 90px
D/SizeAdaptiveLayout(  609): com.android.internal.widget.SizeAdaptiveLayout{40dff680 V.E..... ......I. 0,0-0,0 #7f090065 app:id/adaptive}child view android.widget.FrameLayout{40dc0710 G.E..... ......ID 0,0-0,0 #102032a android:id/status_bar_latest_event_content} measured out of bounds at 80px clamped to 90px
V/SetupWizard(  749): System thinks we're the home activity. Removing SetupWizard...
I/ActivityManager(  366): START u0 {act=android.intent.action.MAIN cat=[android.intent.category.HOME] flg=0x10200000 cmp=com.android.provision/.DefaultActivity} from pid 749
V/SetupWizard(  749): *** SetupWizard completed ***
I/Process (  749): Sending signal. PID: 749 SIG: 9
I/StatusBarManagerService(  366): binder died for pkg=com.google.android.setupwizard
I/StatusBarManagerService(  366): binder died for pkg=com.google.android.setupwizard
I/ActivityManager(  366): Process com.google.android.setupwizard (pid 749) has died.
I/StatusBarManagerService(  366): binder died for pkg=com.google.android.setupwizard
I/StatusBarManagerService(  366): binder died for pkg=com.google.android.setupwizard
I/StatusBarManagerService(  366): binder died for pkg=com.google.android.setupwizard
I/StatusBarManagerService(  366): binder died for pkg=com.google.android.setupwizard
W/InputDispatcher(  366): channel '40e88a88 com.google.android.setupwizard/com.google.android.setupwizard.SetupCompleteActivity (server)' ~ Consumer closed input channel or an error occurred.  events=0x9
E/InputDispatcher(  366): channel '40e88a88 com.google.android.setupwizard/com.google.android.setupwizard.SetupCompleteActivity (server)' ~ Channel is unrecoverably broken and will be disposed!
W/InputDispatcher(  366): Attempted to unregister already unregistered input channel '40e88a88 com.google.android.setupwizard/com.google.android.setupwizard.SetupCompleteActivity (server)'
I/WindowState(  366): WIN DEATH: Window{40e88a88 u0 com.google.android.setupwizard/com.google.android.setupwizard.SetupCompleteActivity}
I/ActivityManager(  366): Start proc com.android.provision for activity com.android.provision/.DefaultActivity: pid=1548 uid=10018 gids={50018, 1028}
I/ActivityManager(  366): No longer want com.google.android.inputmethod.latin.dictionarypack (pid 766): empty #17
D/dalvikvm(  111): GC_EXPLICIT freed 37K, 12% free 2228K/2516K, paused 2ms+3ms, total 57ms
D/dalvikvm(  111): GC_EXPLICIT freed <1K, 12% free 2228K/2516K, paused 2ms+12ms, total 47ms
D/dalvikvm(  111): GC_EXPLICIT freed <1K, 12% free 2228K/2516K, paused 2ms+13ms, total 51ms
D/PhoneStatusBar(  609): disable: < expand icons alerts* ticker system_info BACK home* recent* clock* search* >
V/WindowManager(  366): Skipping set freeze of Token{40d70fc8 ActivityRecord{40d99508 u0 com.android.provision/.DefaultActivity}}
V/WindowManager(  366): setAppVisibility(Token{40d70fc8 ActivityRecord{40d99508 u0 com.android.provision/.DefaultActivity}}, visible=true): mNextAppTransition=4102 hidden=true hiddenRequested=true
V/WindowManager(  366): Done at AppWindowToken{4114c828 token=Token{40d70fc8 ActivityRecord{40d99508 u0 com.android.provision/.DefaultActivity}}} -- full screen, return -1
V/WindowManager(  366): setAppVisibility(Token{40ea0b98 ActivityRecord{40d46600 u0 com.google.android.setupwizard/.SetupWizardActivity}}, visible=false): mNextAppTransition=4102 hidden=true hiddenRequested=false
I/WindowStateAnimator(  366): createSurface WindowStateAnimator{4113e168 Starting com.android.provision}: mDrawState=DRAW_PENDING
V/WindowManager(  366): Done at AppWindowToken{4114c828 token=Token{40d70fc8 ActivityRecord{40d99508 u0 com.android.provision/.DefaultActivity}}} -- full screen, return -1
V/WindowManager(  366): Eval win Window{40f9dec0 u0 Starting com.android.provision}: isDrawn=false, isAnimating=true
V/WindowManager(  366): Not displayed: s=Surface(name=Starting com.android.provision, identity=17) pv=true mDrawState=1 ah=false th=false a=false
V/WindowManager(  366): Resize reasons:  contentInsetsChanged=true visibleInsetsChanged=true surfaceResized=true configChanged=true
V/WindowManager(  366): Resizing window Window{40f9dec0 u0 Starting com.android.provision} to 480.0x800.0
V/WindowManager(  366): Reporting new frame to Window{40f9dec0 u0 Starting com.android.provision}: Rect(0, 0 - 480, 800)
I/WindowManager(  366): Sending new config to window Window{40f9dec0 u0 Starting com.android.provision}: 480.0x800.0 / {1.0 ?mcc?mnc en_US ldltr sw384dp w384dp h615dp 200dpi nrml long port finger -keyb/v/h -nav/h s.6 themeResource=null} / 0x0
I/WindowManager(  366): Resizing Window{40f9dec0 u0 Starting com.android.provision} WITH DRAW PENDING
E/Trace   ( 1548): error opening trace file: No such file or directory (2)
D/WindowManager(  366): frame: Rect(0, 0 - 480, 800) shown frame: RectF(0.0, 0.0, 480.0, 800.0)
D/WindowManager(  366): attr: WM.LayoutParams{(0,0)(fillxfill) sim=#20 ty=3 fl=#1830118 pfl=0x19 wanim=0x10302e9} lp.flags=0x1830118
V/WindowStateAnimator(  366): finishDrawingLocked: mDrawState=COMMIT_DRAW_PENDING WindowStateAnimator{4113e168 Starting com.android.provision} in Surface(name=Starting com.android.provision, identity=17)
V/WindowManager(  366): Eval win Window{40f9dec0 u0 Starting com.android.provision}: isDrawn=true, isAnimating=true
I/WindowManager(  366):   SURFACE SHOW (performShowLocked): Window{40f9dec0 u0 Starting com.android.provision}
V/WindowManager(  366): Done at AppWindowToken{4114c828 token=Token{40d70fc8 ActivityRecord{40d99508 u0 com.android.provision/.DefaultActivity}}} -- full screen, return -1
V/WindowManager(  366): Eval win Window{40f9dec0 u0 Starting com.android.provision}: isDrawn=true, isAnimating=true
D/WindowManager(  366): frame: Rect(0, 0 - 480, 800) shown frame: RectF(48.0, 80.0, 528.0, 880.0)
D/WindowManager(  366): attr: WM.LayoutParams{(0,0)(fillxfill) sim=#20 ty=3 fl=#1830118 pfl=0x19 wanim=0x10302e9} lp.flags=0x1830118
V/WindowManager(  366): Eval win Window{40f9dec0 u0 Starting com.android.provision}: isDrawn=true, isAnimating=true
D/WindowManager(  366): frame: Rect(0, 0 - 480, 800) shown frame: RectF(48.0, 80.0, 528.0, 880.0)
D/WindowManager(  366): attr: WM.LayoutParams{(0,0)(fillxfill) sim=#20 ty=3 fl=#1830118 pfl=0x19 wanim=0x10302e9} lp.flags=0x1830118
V/WindowManager(  366): Eval win Window{40f9dec0 u0 Starting com.android.provision}: isDrawn=true, isAnimating=true
V/WindowManager(  366): setAppVisibility(Token{40d70fc8 ActivityRecord{40d99508 u0 com.android.provision/.DefaultActivity}}, visible=false): mNextAppTransition=8201 hidden=false hiddenRequested=false
D/dalvikvm(  366): GC_FOR_ALLOC freed 418K, 29% free 5494K/7660K, paused 64ms, total 65ms
V/WindowManager(  366): setAppVisibility(Token{40d70fc8 ActivityRecord{40d99508 u0 com.android.provision/.DefaultActivity}}, visible=false): mNextAppTransition=8201 hidden=false hiddenRequested=true
I/ActivityManager(  366): Start proc com.google.android.setupwizard for activity com.google.android.setupwizard/.SetupWizardActivity: pid=1562 uid=10016 gids={50016, 3003, 1028}
V/WindowManager(  366): Skipping set freeze of Token{40ea0b98 ActivityRecord{40d46600 u0 com.google.android.setupwizard/.SetupWizardActivity}}
V/WindowManager(  366): setAppVisibility(Token{40ea0b98 ActivityRecord{40d46600 u0 com.google.android.setupwizard/.SetupWizardActivity}}, visible=true): mNextAppTransition=8201 hidden=true hiddenRequested=true
V/WindowManager(  366): Skipping AppWindowToken{4114c828 token=Token{40d70fc8 ActivityRecord{40d99508 u0 com.android.provision/.DefaultActivity}}} -- going to hide
V/WindowManager(  366): No app is requesting an orientation
V/WindowManager(  366): setAppVisibility(Token{40ea0b98 ActivityRecord{40d46600 u0 com.google.android.setupwizard/.SetupWizardActivity}}, visible=true): mNextAppTransition=8201 hidden=true hiddenRequested=false
V/WindowManager(  366): Eval win Window{40f9dec0 u0 Starting com.android.provision}: isDrawn=true, isAnimating=true
E/Trace   ( 1562): error opening trace file: No such file or directory (2)
W/BackupManagerService(  366): dataChanged but no participant pkg='com.android.providers.settings' uid=10011
I/SetupWizard( 1562): SetupWizardActivity.onCreate(icicle) LTE == false userID=0
V/NetworkMonitor( 1562): Starting NetworkMonitor
D/SetupWizard( 1562): BaseActivity.onCreate() mIsFirstRun=true mAllNetworkSetupSkipped=true mIsSecondaryUser=false
W/SetupWizard( 1562): skip disabling notfictions due to isHomeActivity() == false
D/SetupWizard( 1562): DEVICE_PROVISIONED=true
I/SetupWizard( 1562): SetupWizardActivity.onCreate() completed
V/NetworkMonitor( 1562): Network is DOWN, Checkin has NOT succeeded, GLS is NOT connected
V/NetworkMonitor( 1562): GLS onServiceConnected
V/NetworkMonitor( 1562): Network is DOWN, Checkin has NOT succeeded, GLS IS connected
W/BackupManagerService(  366): dataChanged but no participant pkg='com.android.providers.settings' uid=10033
D/dalvikvm(  862): GC_CONCURRENT freed 279K, 17% free 2659K/3188K, paused 3ms+4ms, total 26ms
E/MetadataRetrieverClient(  113): failed to extract an album art
E/MetadataRetrieverClient(  113): failed to extract an album art
E/MetadataRetrieverClient(  113): failed to extract an album art
D/dalvikvm(  862): GC_CONCURRENT freed 419K, 21% free 2628K/3296K, paused 3ms+3ms, total 37ms
E/MetadataRetrieverClient(  113): failed to extract an album art
E/MetadataRetrieverClient(  113): failed to extract an album art
E/MetadataRetrieverClient(  113): failed to extract an album art
E/MetadataRetrieverClient(  113): failed to extract an album art
D/dalvikvm(  862): GC_CONCURRENT freed 384K, 21% free 2634K/3296K, paused 3ms+5ms, total 28ms
E/MetadataRetrieverClient(  113): failed to extract an album art
E/MetadataRetrieverClient(  113): failed to extract an album art
E/MetadataRetrieverClient(  113): failed to extract an album art
W/MediaProvider(  862): no database for scanned volume external
I/MediaProvider(  862): Upgrading media database from version 0 to 511, which will destroy all old data
E/SQLiteLog(  862): (1) no such table: album_info
W/MediaScanner(  862): Error opening directory '/storage/sdcard0/.android_secure/', skipping: Permission denied.
D/dalvikvm(  862): GC_CONCURRENT freed 457K, 23% free 2561K/3316K, paused 3ms+3ms, total 25ms
D/dalvikvm(  366): GC_EXPLICIT freed 185K, 27% free 5645K/7660K, paused 4ms+6ms, total 76ms
D/dalvikvm(  862): GC_CONCURRENT freed 208K, 18% free 2739K/3316K, paused 3ms+4ms, total 26ms
D/dalvikvm(  366): GC_EXPLICIT freed 196K, 28% free 5566K/7660K, paused 3ms+6ms, total 72ms
D/dalvikvm(  862): GC_FOR_ALLOC freed 420K, 23% free 2692K/3496K, paused 23ms, total 25ms
D/dalvikvm(  862): GC_FOR_ALLOC freed 284K, 25% free 2639K/3496K, paused 17ms, total 18ms
V/WindowManager(  366): No app is requesting an orientation
D/dalvikvm(  862): GC_FOR_ALLOC freed 251K, 24% free 2675K/3496K, paused 18ms, total 19ms
D/dalvikvm(  862): GC_FOR_ALLOC freed 250K, 24% free 2662K/3496K, paused 18ms, total 19ms
D/dalvikvm(  366): GC_EXPLICIT freed 118K, 28% free 5566K/7660K, paused 3ms+6ms, total 73ms
D/dalvikvm(  862): GC_FOR_ALLOC freed 225K, 24% free 2667K/3496K, paused 17ms, total 20ms
D/dalvikvm(  862): GC_FOR_ALLOC freed 232K, 24% free 2665K/3496K, paused 19ms, total 19ms
D/dalvikvm(  862): GC_FOR_ALLOC freed 225K, 24% free 2670K/3496K, paused 19ms, total 19ms
D/dalvikvm(  862): GC_FOR_ALLOC freed 225K, 24% free 2675K/3496K, paused 19ms, total 20ms
D/dalvikvm(  862): GC_FOR_ALLOC freed 240K, 24% free 2690K/3496K, paused 18ms, total 19ms
D/dalvikvm(  862): GC_FOR_ALLOC freed 249K, 24% free 2689K/3496K, paused 19ms, total 20ms
D/dalvikvm(  862): GC_FOR_ALLOC freed 241K, 23% free 2694K/3496K, paused 17ms, total 18ms
D/dalvikvm(  862): GC_FOR_ALLOC freed 248K, 23% free 2700K/3496K, paused 21ms, total 21ms
D/dalvikvm(  366): GC_EXPLICIT freed 117K, 28% free 5566K/7660K, paused 3ms+7ms, total 71ms
D/dalvikvm(  862): GC_FOR_ALLOC freed 239K, 23% free 2706K/3496K, paused 20ms, total 21ms
E/MetadataRetrieverClient(  113): offset (0) bigger than file size (0)
E/MediaScannerJNI(  862): An error occurred while scanning file '/storage/sdcard0/DCIM/Camera/VID_20121128_175348.mp4'.
D/skia    (  862): --- SkImageDecoder::Factory returned null
D/dalvikvm(  862): GC_CONCURRENT freed 269K, 20% free 2821K/3496K, paused 3ms+3ms, total 29ms
D/dalvikvm(  366): GC_EXPLICIT freed 116K, 28% free 5566K/7660K, paused 4ms+6ms, total 73ms
D/dalvikvm(  862): GC_CONCURRENT freed 265K, 16% free 2944K/3496K, paused 3ms+3ms, total 30ms
D/dalvikvm(  366): GC_EXPLICIT freed 117K, 28% free 5566K/7660K, paused 4ms+5ms, total 71ms
I/InputDispatcher(  366): Dropping event because there is no touched window.
D/dalvikvm(  862): GC_CONCURRENT freed 311K, 16% free 3021K/3580K, paused 4ms+4ms, total 32ms
D/dalvikvm(  366): GC_EXPLICIT freed 119K, 28% free 5566K/7660K, paused 4ms+7ms, total 75ms
D/dalvikvm(  366): GC_EXPLICIT freed 117K, 28% free 5566K/7660K, paused 3ms+6ms, total 73ms
D/dalvikvm(  862): GC_CONCURRENT freed 302K, 16% free 3104K/3656K, paused 3ms+4ms, total 34ms
I/InputReader(  366): Reconfiguring input devices.  changes=0x00000010
I/InputReader(  366): Reconfiguring input devices.  changes=0x00000010
D/dalvikvm(  862): GC_CONCURRENT freed 440K, 19% free 3052K/3740K, paused 4ms+2ms, total 50ms
D/dalvikvm(  862): GC_CONCURRENT freed 478K, 21% free 2963K/3740K, paused 3ms+3ms, total 30ms
D/dalvikvm(  862): GC_CONCURRENT freed 383K, 21% free 2966K/3740K, paused 4ms+3ms, total 32ms
I/InputDispatcher(  366): Dropped event because of pending overdue app switch.
I/InputDispatcher(  366): Dropped event because of pending overdue app switch.
I/InputDispatcher(  366): Dropped event because of pending overdue app switch.
I/InputDispatcher(  366): Dropped event because of pending overdue app switch.
I/InputDispatcher(  366): Dropped event because of pending overdue app switch.
I/InputDispatcher(  366): Dropped event because of pending overdue app switch.
I/InputDispatcher(  366): Dropped event because of pending overdue app switch.
I/InputDispatcher(  366): Dropped event because of pending overdue app switch.
I/InputDispatcher(  366): Dropped event because of pending overdue app switch.
I/InputDispatcher(  366): Dropped event because of pending overdue app switch.
I/InputDispatcher(  366): Dropped event because of pending overdue app switch.
I/InputDispatcher(  366): Dropped event because of pending overdue app switch.
I/InputDispatcher(  366): Dropped event because of pending overdue app switch.
I/InputDispatcher(  366): Dropped event because of pending overdue app switch.
I/InputDispatcher(  366): Dropped event because of pending overdue app switch.
I/InputDispatcher(  366): Dropped event because of pending overdue app switch.
I/InputDispatcher(  366): Dropped event because of pending overdue app switch.
I/InputDispatcher(  366): Dropped event because of pending overdue app switch.
I/InputDispatcher(  366): Dropped event because of pending overdue app switch.
I/InputDispatcher(  366): Dropped event because of pending overdue app switch.
I/InputDispatcher(  366): Dropped event because of pending overdue app switch.
I/InputDispatcher(  366): Dropped event because of pending overdue app switch.
I/InputDispatcher(  366): Dropped event because of pending overdue app switch.
I/InputDispatcher(  366): Dropped event because of pending overdue app switch.
I/InputDispatcher(  366): Dropped event because of pending overdue app switch.
I/InputDispatcher(  366): Dropped event because of pending overdue app switch.
I/InputDispatcher(  366): Dropped event because of pending overdue app switch.
I/InputDispatcher(  366): Dropped event because of pending overdue app switch.
I/InputDispatcher(  366): Dropped event because of pending overdue app switch.
I/InputDispatcher(  366): Dropped event because of pending overdue app switch.
I/InputDispatcher(  366): Dropped event because of pending overdue app switch.
I/InputDispatcher(  366): Dropped event because of pending overdue app switch.
I/InputDispatcher(  366): Dropped event because of pending overdue app switch.
I/InputDispatcher(  366): Dropped event because of pending overdue app switch.
I/InputDispatcher(  366): Dropped event because of pending overdue app switch.
I/InputDispatcher(  366): Dropped event because of pending overdue app switch.
I/InputDispatcher(  366): Dropped event because of pending overdue app switch.
I/InputDispatcher(  366): Dropped event because of pending overdue app switch.
I/InputDispatcher(  366): Dropped event because of pending overdue app switch.
I/InputDispatcher(  366): Dropped event because of pending overdue app switch.
I/InputDispatcher(  366): Dropped event because of pending overdue app switch.
I/InputDispatcher(  366): Dropped event because of pending overdue app switch.
I/InputDispatcher(  366): Dropped event because of pending overdue app switch.
I/InputDispatcher(  366): Dropped event because of pending overdue app switch.
I/InputDispatcher(  366): Dropped event because of pending overdue app switch.
I/InputDispatcher(  366): Dropped event because of pending overdue app switch.
I/InputDispatcher(  366): Dropped event because of pending overdue app switch.
I/InputDispatcher(  366): Dropped event because of pending overdue app switch.
I/InputDispatcher(  366): Dropped event because of pending overdue app switch.
I/InputDispatcher(  366): Dropped event because of pending overdue app switch.
I/InputDispatcher(  366): Dropped event because of pending overdue app switch.
I/InputDispatcher(  366): Dropped event because of pending overdue app switch.
I/InputDispatcher(  366): Dropped event because of pending overdue app switch.
I/InputDispatcher(  366): Dropped event because of pending overdue app switch.
I/InputDispatcher(  366): Dropped event because of pending overdue app switch.
I/InputDispatcher(  366): Dropped event because of pending overdue app switch.
I/InputDispatcher(  366): Dropped event because of pending overdue app switch.
I/InputDispatcher(  366): Dropped event because of pending overdue app switch.
I/InputDispatcher(  366): Dropped event because of pending overdue app switch.
I/InputDispatcher(  366): Dropped event because of pending overdue app switch.
I/InputDispatcher(  366): Dropped event because of pending overdue app switch.
I/ActivityManager(  366): START u0 {act=android.intent.action.MAIN cat=[android.intent.category.HOME] flg=0x10200000 cmp=com.android.launcher/com.android.launcher2.Launcher} from pid 366
V/WindowManager(  366): Skipping AppWindowToken{40f2cf00 token=Token{410431a0 ActivityRecord{4108fdd0 u0 com.android.launcher/com.android.launcher2.Launcher}}} -- hidden on top
V/WindowManager(  366): No app is requesting an orientation
I/ActivityManager(  366): Start proc com.android.launcher for activity com.android.launcher/com.android.launcher2.Launcher: pid=1579 uid=10038 gids={50038, 1028}
V/WindowManager(  366): Skipping set freeze of Token{410431a0 ActivityRecord{4108fdd0 u0 com.android.launcher/com.android.launcher2.Launcher}}
V/WindowManager(  366): setAppVisibility(Token{410431a0 ActivityRecord{4108fdd0 u0 com.android.launcher/com.android.launcher2.Launcher}}, visible=true): mNextAppTransition=4104 hidden=true hiddenRequested=true
V/WindowManager(  366): Done at AppWindowToken{40f2cf00 token=Token{410431a0 ActivityRecord{4108fdd0 u0 com.android.launcher/com.android.launcher2.Launcher}}} -- full screen, return -1
V/WindowManager(  366): setAppVisibility(Token{40ea0b98 ActivityRecord{40d46600 u0 com.google.android.setupwizard/.SetupWizardActivity}}, visible=false): mNextAppTransition=4104 hidden=false hiddenRequested=false
E/Trace   ( 1579): error opening trace file: No such file or directory (2)
W/BackupManagerService(  366): dataChanged but no participant pkg='com.android.providers.settings' uid=10011
D/dalvikvm( 1579): GC_CONCURRENT freed 205K, 16% free 2445K/2896K, paused 4ms+7ms, total 39ms
D/dalvikvm( 1579): GC_FOR_ALLOC freed 185K, 15% free 2641K/3076K, paused 17ms, total 18ms
I/dalvikvm-heap( 1579): Grow heap (frag case) to 4.192MB for 1440016-byte allocation
V/WindowManager(  366): Done at AppWindowToken{40f2cf00 token=Token{410431a0 ActivityRecord{4108fdd0 u0 com.android.launcher/com.android.launcher2.Launcher}}} -- full screen, return -1
V/WindowManager(  366): Resize reasons:  contentInsetsChanged=false visibleInsetsChanged=false surfaceResized=true configChanged=false
V/WindowManager(  366): Orientation start waiting for draw mDrawState=DRAW_PENDING in Window{40d915a0 u0 com.android.systemui.ImageWallpaper}, surface Surface(name=com.android.systemui.ImageWallpaper, identity=7)
V/WindowManager(  366): Resizing window Window{40d915a0 u0 com.android.systemui.ImageWallpaper} to 960.0x800.0
V/WindowManager(  366): Reporting new frame to Window{40d915a0 u0 com.android.systemui.ImageWallpaper}: Rect(0, 0 - 960, 800)
I/WindowManager(  366): Resizing Window{40d915a0 u0 com.android.systemui.ImageWallpaper} WITH DRAW PENDING
D/dalvikvm( 1579): GC_FOR_ALLOC freed 3K, 10% free 4044K/4484K, paused 47ms, total 47ms
D/dalvikvm(  609): GC_FOR_ALLOC freed 6272K, 57% free 5000K/11616K, paused 54ms, total 68ms
I/dalvikvm-heap(  609): Grow heap (frag case) to 8.048MB for 3072016-byte allocation
D/dalvikvm( 1579): GC_CONCURRENT freed 9K, 11% free 4035K/4484K, paused 8ms+2ms, total 47ms
D/dalvikvm(  609): GC_CONCURRENT freed 9K, 32% free 7991K/11616K, paused 17ms+21ms, total 87ms
D/dalvikvm( 1579): GC_FOR_ALLOC freed <1K, 11% free 4035K/4484K, paused 46ms, total 46ms
I/dalvikvm-heap( 1579): Grow heap (frag case) to 5.133MB for 1000016-byte allocation
D/dalvikvm( 1579): GC_FOR_ALLOC freed 0K, 9% free 5011K/5464K, paused 35ms, total 35ms
D/dalvikvm( 1579): GC_CONCURRENT freed 0K, 9% free 5011K/5464K, paused 4ms+2ms, total 56ms
V/WindowManager(  366): Done at AppWindowToken{40f2cf00 token=Token{410431a0 ActivityRecord{4108fdd0 u0 com.android.launcher/com.android.launcher2.Launcher}}} -- full screen, return -1
V/WindowStateAnimator(  366): finishDrawingLocked: mDrawState=COMMIT_DRAW_PENDING WindowStateAnimator{40f822a0 com.android.systemui.ImageWallpaper} in Surface(name=com.android.systemui.ImageWallpaper, identity=7)
W/Resources( 1579): Converting to int: TypedValue{t=0x3/d=0x12 "4" a=-1}
W/Resources( 1579): Converting to int: TypedValue{t=0x3/d=0xf "1" a=-1}
W/Resources( 1579): Converting to int: TypedValue{t=0x3/d=0x15 "2" a=-1}
W/Resources( 1579): Converting to int: TypedValue{t=0x3/d=0x15 "2" a=-1}
W/Launcher.LauncherProvider( 1579): Unable to add favorite: com.android.camera/com.android.camera.Camera
W/Launcher.LauncherProvider( 1579): android.content.pm.PackageManager$NameNotFoundException: ComponentInfo{com.android.camera/com.android.camera.Camera}
W/Launcher.LauncherProvider( 1579): 	at android.app.ApplicationPackageManager.getActivityInfo(ApplicationPackageManager.java:225)
W/Launcher.LauncherProvider( 1579): 	at com.android.launcher2.LauncherProvider$DatabaseHelper.addAppShortcut(LauncherProvider.java:939)
W/Launcher.LauncherProvider( 1579): 	at com.android.launcher2.LauncherProvider$DatabaseHelper.loadFavorites(LauncherProvider.java:843)
W/Launcher.LauncherProvider( 1579): 	at com.android.launcher2.LauncherProvider$DatabaseHelper.access$000(LauncherProvider.java:233)
W/Launcher.LauncherProvider( 1579): 	at com.android.launcher2.LauncherProvider.loadDefaultFavoritesIfNecessary(LauncherProvider.java:228)
W/Launcher.LauncherProvider( 1579): 	at com.android.launcher2.LauncherModel$LoaderTask.loadWorkspace(LauncherModel.java:1228)
W/Launcher.LauncherProvider( 1579): 	at com.android.launcher2.LauncherModel$LoaderTask.loadAndBindWorkspace(LauncherModel.java:972)
W/Launcher.LauncherProvider( 1579): 	at com.android.launcher2.LauncherModel$LoaderTask.run(LauncherModel.java:1076)
W/Launcher.LauncherProvider( 1579): 	at android.os.Handler.handleCallback(Handler.java:725)
W/Launcher.LauncherProvider( 1579): 	at android.os.Handler.dispatchMessage(Handler.java:92)
W/Launcher.LauncherProvider( 1579): 	at android.os.Looper.loop(Looper.java:137)
W/Launcher.LauncherProvider( 1579): 	at android.os.HandlerThread.run(HandlerThread.java:60)
V/WindowManager(  366): Screen status=true, current orientation=5, SensorEnabled=true
V/WindowManager(  366): Done at AppWindowToken{40f2cf00 token=Token{410431a0 ActivityRecord{4108fdd0 u0 com.android.launcher/com.android.launcher2.Launcher}}} -- full screen, return 5
V/WindowManager(  366): Application requested orientation 5, got rotation 0 which has compatible metrics
I/WindowStateAnimator(  366): createSurface WindowStateAnimator{40dcc880 com.android.launcher/com.android.launcher2.Launcher}: mDrawState=DRAW_PENDING
V/WindowManager(  366): Done at AppWindowToken{40f2cf00 token=Token{410431a0 ActivityRecord{4108fdd0 u0 com.android.launcher/com.android.launcher2.Launcher}}} -- full screen, return 5
V/WindowManager(  366): Eval win Window{40eaa320 u0 com.android.launcher/com.android.launcher2.Launcher}: isDrawn=false, isAnimating=true
V/WindowManager(  366): Not displayed: s=Surface(name=com.android.launcher/com.android.launcher2.Launcher, identity=18) pv=true mDrawState=1 ah=false th=false a=false
V/WindowManager(  366): Resize reasons:  contentInsetsChanged=true visibleInsetsChanged=true surfaceResized=true configChanged=true
V/WindowManager(  366): Resizing window Window{40eaa320 u0 com.android.launcher/com.android.launcher2.Launcher} to 480.0x800.0
D/PhoneStatusBar(  609): disable: < expand icons alerts ticker system_info back* home recent clock search >
D/BluetoothAdapter(  706): 1088707992: getState() :  mService = null. Returning STATE_OFF
V/WindowManager(  366): Reporting new frame to Window{40eaa320 u0 com.android.launcher/com.android.launcher2.Launcher}: Rect(0, 0 - 480, 800)
I/WindowManager(  366): Sending new config to window Window{40eaa320 u0 com.android.launcher/com.android.launcher2.Launcher}: 480.0x800.0 / {1.0 ?mcc?mnc en_US ldltr sw384dp w384dp h615dp 200dpi nrml long port finger -keyb/v/h -nav/h s.6 themeResource=null} / 0x0
I/WindowManager(  366): Resizing Window{40eaa320 u0 com.android.launcher/com.android.launcher2.Launcher} WITH DRAW PENDING
D/dalvikvm( 1579): GC_CONCURRENT freed 1980K, 37% free 3903K/6132K, paused 7ms+3ms, total 39ms
D/libEGL  ( 1579): loaded /system/lib/egl/libEGL_adreno200.so
D/libEGL  ( 1579): loaded /system/lib/egl/libGLESv1_CM_adreno200.so
D/libEGL  ( 1579): loaded /system/lib/egl/libGLESv2_adreno200.so
I/Adreno200-EGL( 1579): <qeglDrvAPI_eglInitialize:294>: EGL 1.4 QUALCOMM build: AU_LINUX_ANDROID_JB.04.01.01.00.036_msm8960_JB_CL2644550_release_AU (CL2644550)
I/Adreno200-EGL( 1579): Build Date: 07/31/12 Tue
I/Adreno200-EGL( 1579): Local Branch: 
I/Adreno200-EGL( 1579): Remote Branch: quic/master
I/Adreno200-EGL( 1579): Local Patches: NONE
I/Adreno200-EGL( 1579): Reconstruct Branch: AU_LINUX_ANDROID_JB.04.01.01.00.036 +  NOTHING
D/OpenGLRenderer( 1579): Enabling debug mode 0
W/InputMethodManagerService(  366): Got RemoteException sending setActive(false) notification to pid 749 uid 10016
D/dalvikvm( 1579): GC_FOR_ALLOC freed 40K, 36% free 3948K/6132K, paused 34ms, total 41ms
D/dalvikvm(  366): GC_CONCURRENT freed 624K, 27% free 5661K/7660K, paused 11ms+20ms, total 169ms
I/dalvikvm-heap( 1579): Grow heap (frag case) to 5.502MB for 1476496-byte allocation
D/dalvikvm( 1579): GC_FOR_ALLOC freed 2K, 29% free 5387K/7576K, paused 44ms, total 44ms
D/dalvikvm( 1579): GC_CONCURRENT freed 94K, 29% free 5453K/7576K, paused 6ms+12ms, total 71ms
V/WindowStateAnimator(  366): finishDrawingLocked: mDrawState=COMMIT_DRAW_PENDING WindowStateAnimator{40dcc880 com.android.launcher/com.android.launcher2.Launcher} in Surface(name=com.android.launcher/com.android.launcher2.Launcher, identity=18)
V/WindowManager(  366): Eval win Window{40eaa320 u0 com.android.launcher/com.android.launcher2.Launcher}: isDrawn=true, isAnimating=true
V/WindowManager(  366): tokenMayBeDrawn: AppWindowToken{40f2cf00 token=Token{410431a0 ActivityRecord{4108fdd0 u0 com.android.launcher/com.android.launcher2.Launcher}}} freezingScreen=false mAppFreezing=false
D/WindowManager(  366): frame: Rect(0, 0 - 480, 800) shown frame: RectF(0.0, 0.0, 480.0, 800.0)
D/WindowManager(  366): attr: WM.LayoutParams{(0,0)(fillxfill) sim=#120 ty=1 fl=#1910100 pfl=0x8 fmt=-2 wanim=0x1030295 vsysui=0x400} lp.flags=0x1910100
I/WindowManager(  366):   SURFACE SHOW (performShowLocked): Window{40eaa320 u0 com.android.launcher/com.android.launcher2.Launcher}
V/WindowManager(  366): Done at AppWindowToken{40f2cf00 token=Token{410431a0 ActivityRecord{4108fdd0 u0 com.android.launcher/com.android.launcher2.Launcher}}} -- full screen, return 5
V/WindowManager(  366): Orientation not waiting for draw in Window{40d915a0 u0 com.android.systemui.ImageWallpaper}, surface Surface(name=com.android.systemui.ImageWallpaper, identity=7)
I/ActivityManager(  366): Displayed com.android.launcher/com.android.launcher2.Launcher: +1s903ms (total +12s819ms)
I/WindowManager(  366):   SURFACE SHOW (performShowLocked): Window{40d915a0 u0 com.android.systemui.ImageWallpaper}
D/WindowManager(  366): frame: Rect(0, 0 - 480, 800) shown frame: RectF(0.0, 0.0, 480.0, 800.0)
D/WindowManager(  366): attr: WM.LayoutParams{(0,0)(fillxfill) sim=#120 ty=1 fl=#1910100 pfl=0x8 fmt=-2 wanim=0x1030295 vsysui=0x400} lp.flags=0x1910100
D/dalvikvm( 1579): GC_FOR_ALLOC freed 521K, 23% free 5855K/7576K, paused 31ms, total 33ms
D/dalvikvm( 1579): GC_FOR_ALLOC freed 509K, 19% free 6204K/7576K, paused 25ms, total 25ms
D/dalvikvm( 1579): GC_FOR_ALLOC freed <1K, 12% free 6710K/7576K, paused 31ms, total 33ms
D/WindowManager(  366): frame: Rect(0, 0 - 480, 800) shown frame: RectF(0.0, 0.0, 480.0, 800.0)
D/WindowManager(  366): attr: WM.LayoutParams{(0,0)(fillxfill) sim=#120 ty=1 fl=#1910100 pfl=0x8 fmt=-2 wanim=0x1030295 vsysui=0x400} lp.flags=0x1910100
D/WindowManager(  366): frame: Rect(0, 0 - 480, 800) shown frame: RectF(0.0, 0.0, 480.0, 800.0)
D/WindowManager(  366): attr: WM.LayoutParams{(0,0)(fillxfill) sim=#120 ty=1 fl=#1910100 pfl=0x8 fmt=-2 wanim=0x1030295 vsysui=0x400} lp.flags=0x1910100
D/dalvikvm( 1579): GC_FOR_ALLOC freed 1955K, 36% free 5120K/7928K, paused 33ms, total 34ms
I/dalvikvm-heap( 1579): Grow heap (frag case) to 6.647MB for 1476496-byte allocation
D/dalvikvm( 1579): GC_FOR_ALLOC freed <1K, 18% free 6562K/7928K, paused 39ms, total 39ms
D/dalvikvm( 1579): GC_CONCURRENT freed <1K, 18% free 6562K/7928K, paused 13ms+6ms, total 80ms
D/WindowManager(  366): frame: Rect(0, 0 - 480, 800) shown frame: RectF(0.0, 0.0, 480.0, 800.0)
D/WindowManager(  366): attr: WM.LayoutParams{(0,0)(fillxfill) sim=#120 ty=1 fl=#1910100 pfl=0x8 fmt=-2 wanim=0x1030295 vsysui=0x400} lp.flags=0x1910100
D/WindowManager(  366): frame: Rect(0, 0 - 480, 800) shown frame: RectF(0.0, 0.0, 480.0, 800.0)
D/WindowManager(  366): attr: WM.LayoutParams{(0,0)(fillxfill) sim=#120 ty=1 fl=#1910100 pfl=0x8 fmt=-2 wanim=0x1030295 vsysui=0x400} lp.flags=0x1910100
V/WindowManager(  366): setAppVisibility(Token{40ea0b98 ActivityRecord{40d46600 u0 com.google.android.setupwizard/.SetupWizardActivity}}, visible=false): mNextAppTransition=-1 hidden=true hiddenRequested=true
D/dalvikvm(  862): GC_CONCURRENT freed 397K, 21% free 2970K/3740K, paused 51ms+2ms, total 139ms
D/dalvikvm( 1579): GC_FOR_ALLOC freed 1606K, 34% free 5286K/7928K, paused 27ms, total 29ms
I/dalvikvm-heap( 1579): Grow heap (frag case) to 6.810MB for 1476496-byte allocation
D/dalvikvm( 1579): GC_FOR_ALLOC freed <1K, 16% free 6727K/7928K, paused 21ms, total 21ms
V/WindowManager(  366): onProposedRotationChanged, rotation=0
D/WindowManager(  366): frame: Rect(0, 0 - 480, 800) shown frame: RectF(0.0, 0.0, 480.0, 800.0)
D/WindowManager(  366): attr: WM.LayoutParams{(0,0)(fillxfill) sim=#120 ty=1 fl=#1910100 pfl=0x8 fmt=-2 wanim=0x1030295 vsysui=0x400} lp.flags=0x1910100
V/WindowManager(  366): updateRotationUnchecked(alwaysSendConfiguration=false)
V/WindowManager(  366): Application requested orientation 5, got rotation 0 which has compatible metrics
D/dalvikvm( 1579): GC_CONCURRENT freed 7K, 16% free 6720K/7928K, paused 18ms+16ms, total 86ms
D/dalvikvm( 1579): GC_FOR_ALLOC freed 1451K, 34% free 5279K/7928K, paused 26ms, total 27ms
I/dalvikvm-heap( 1579): Grow heap (frag case) to 6.802MB for 1476496-byte allocation
D/dalvikvm( 1579): GC_FOR_ALLOC freed <1K, 16% free 6721K/7928K, paused 23ms, total 23ms
D/dalvikvm( 1579): GC_CONCURRENT freed 1K, 16% free 6721K/7928K, paused 14ms+13ms, total 54ms
D/dalvikvm(  862): GC_CONCURRENT freed 391K, 21% free 2971K/3740K, paused 3ms+2ms, total 34ms
D/Launcher.Model( 1579): going to save icon bitmap for info=ShortcutInfo(title=Peopleintent=Intent { act=android.intent.action.MAIN cat=[android.intent.category.LAUNCHER] flg=0x10200000 cmp=com.android.contacts/.activities.PeopleActivity }id=10 type=0 container=-101 screen=1 cellX=1 cellY=0 spanX=1 spanY=1 dropPos=null)
D/Launcher.Model( 1579): going to save icon bitmap for info=ShortcutInfo(title=Galleryintent=Intent { act=android.intent.action.MAIN cat=[android.intent.category.LAUNCHER] flg=0x10200000 cmp=com.android.gallery3d/.app.Gallery }id=4 type=0 container=-100 screen=3 cellX=1 cellY=3 spanX=1 spanY=1 dropPos=null)
D/Launcher.Model( 1579): going to save icon bitmap for info=ShortcutInfo(title=Browserintent=Intent { act=android.intent.action.MAIN cat=[android.intent.category.LAUNCHER] flg=0x10200000 cmp=com.android.browser/.BrowserActivity }id=14 type=0 container=-101 screen=4 cellX=4 cellY=0 spanX=1 spanY=1 dropPos=null)
D/Launcher.Model( 1579): going to save icon bitmap for info=ShortcutInfo(title=Messagingintent=Intent { act=android.intent.action.MAIN cat=[android.intent.category.LAUNCHER] flg=0x10200000 cmp=com.android.mms/.ui.ConversationList }id=12 type=0 container=-101 screen=3 cellX=3 cellY=0 spanX=1 spanY=1 dropPos=null)
D/Launcher.Model( 1579): going to save icon bitmap for info=ShortcutInfo(title=Phoneintent=Intent { act=android.intent.action.MAIN cat=[android.intent.category.LAUNCHER] flg=0x10200000 cmp=com.android.contacts/.activities.DialtactsActivity }id=8 type=0 container=-101 screen=0 cellX=0 cellY=0 spanX=1 spanY=1 dropPos=null)
D/Launcher.Model( 1579): going to save icon bitmap for info=ShortcutInfo(title=Settingsintent=Intent { act=android.intent.action.MAIN cat=[android.intent.category.LAUNCHER] flg=0x10200000 cmp=com.android.settings/.Settings }id=6 type=0 container=-100 screen=3 cellX=2 cellY=3 spanX=1 spanY=1 dropPos=null)
D/dalvikvm( 1579): GC_CONCURRENT freed 2174K, 29% free 5931K/8352K, paused 13ms+7ms, total 75ms
D/dalvikvm(  862): GC_CONCURRENT freed 384K, 21% free 2974K/3740K, paused 4ms+35ms, total 292ms
D/dalvikvm(  862): GC_CONCURRENT freed 747K, 31% free 2612K/3740K, paused 3ms+5ms, total 57ms
I/ActivityManager(  366): START u0 {act=android.intent.action.MAIN cat=[android.intent.category.LAUNCHER] flg=0x10200000 cmp=com.android.settings/.Settings bnds=[245,520][345,645]} from pid 1579
D/dalvikvm(  366): GC_EXPLICIT freed 411K, 26% free 5688K/7660K, paused 4ms+9ms, total 257ms
D/dalvikvm(  366): WAIT_FOR_CONCURRENT_GC blocked 60ms
I/dalvikvm-heap(  366): Grow heap (frag case) to 5.937MB for 148436-byte allocation
D/dalvikvm(  366): GC_FOR_ALLOC freed 5K, 26% free 5827K/7808K, paused 55ms, total 56ms
D/WindowManager(  366): frame: Rect(0, 0 - 480, 800) shown frame: RectF(0.0, 0.0, 480.0, 800.0)
D/WindowManager(  366): attr: WM.LayoutParams{(0,0)(fillxfill) sim=#120 ty=1 fl=#1910100 pfl=0x8 fmt=-2 wanim=0x1030295 vsysui=0x400} lp.flags=0x1910100
I/WindowStateAnimator(  366): createSurface WindowStateAnimator{410d7110 Starting com.android.settings}: mDrawState=DRAW_PENDING
V/WindowManager(  366): Skipping AppWindowToken{40e74968 token=Token{40ff5810 ActivityRecord{40d5b178 u0 com.android.settings/.Settings}}} -- hidden on top
V/WindowManager(  366): Done at AppWindowToken{40f2cf00 token=Token{410431a0 ActivityRecord{4108fdd0 u0 com.android.launcher/com.android.launcher2.Launcher}}} -- full screen, return 5
V/WindowManager(  366): Resize reasons:  contentInsetsChanged=true visibleInsetsChanged=true surfaceResized=true configChanged=true
V/WindowManager(  366): Resizing window Window{40e8c9c0 u0 Starting com.android.settings} to 480.0x800.0
V/WindowManager(  366): Reporting new frame to Window{40e8c9c0 u0 Starting com.android.settings}: Rect(0, 0 - 480, 800)
I/WindowManager(  366): Sending new config to window Window{40e8c9c0 u0 Starting com.android.settings}: 480.0x800.0 / {1.0 ?mcc?mnc en_US ldltr sw384dp w384dp h615dp 200dpi nrml long port finger -keyb/v/h -nav/h s.6 themeResource=null} / 0x0
I/WindowManager(  366): Resizing Window{40e8c9c0 u0 Starting com.android.settings} WITH DRAW PENDING
V/WindowManager(  366): Screen status=true, current orientation=-1, SensorEnabled=true
V/WindowManager(  366): Skipping set freeze of Token{40ff5810 ActivityRecord{40d5b178 u0 com.android.settings/.Settings}}
V/WindowManager(  366): setAppVisibility(Token{40ff5810 ActivityRecord{40d5b178 u0 com.android.settings/.Settings}}, visible=true): mNextAppTransition=4104 hidden=true hiddenRequested=true
V/WindowManager(  366): Done at AppWindowToken{40e74968 token=Token{40ff5810 ActivityRecord{40d5b178 u0 com.android.settings/.Settings}}} -- full screen, return -1
V/WindowManager(  366): Application requested orientation -1, got rotation 0 which has compatible metrics
V/WindowManager(  366): setAppVisibility(Token{410431a0 ActivityRecord{4108fdd0 u0 com.android.launcher/com.android.launcher2.Launcher}}, visible=false): mNextAppTransition=4104 hidden=false hiddenRequested=false
V/WindowManager(  366): Eval win Window{40e8c9c0 u0 Starting com.android.settings}: isDrawn=false, isAnimating=true
V/WindowManager(  366): Not displayed: s=Surface(name=Starting com.android.settings, identity=19) pv=true mDrawState=1 ah=false th=false a=true
V/WindowStateAnimator(  366): finishDrawingLocked: mDrawState=COMMIT_DRAW_PENDING WindowStateAnimator{410d7110 Starting com.android.settings} in Surface(name=Starting com.android.settings, identity=19)
V/WindowManager(  366): Eval win Window{40e8c9c0 u0 Starting com.android.settings}: isDrawn=true, isAnimating=true
I/WindowManager(  366):   SURFACE SHOW (performShowLocked): Window{40e8c9c0 u0 Starting com.android.settings}
V/WindowManager(  366): Done at AppWindowToken{40e74968 token=Token{40ff5810 ActivityRecord{40d5b178 u0 com.android.settings/.Settings}}} -- full screen, return -1
D/WindowManager(  366): frame: Rect(0, 0 - 480, 800) shown frame: RectF(0.0, 0.0, 480.0, 800.0)
D/WindowManager(  366): attr: WM.LayoutParams{(0,0)(fillxfill) sim=#20 ty=3 fl=#1830118 pfl=0x19 wanim=0x1030295} lp.flags=0x1830118
V/WindowManager(  366): Eval win Window{40e8c9c0 u0 Starting com.android.settings}: isDrawn=true, isAnimating=true
D/BluetoothAdapter(  706): 1088707992: getState() :  mService = null. Returning STATE_OFF
D/WindowManager(  366): frame: Rect(0, 0 - 480, 800) shown frame: RectF(3.983307, 8.454346, 483.9833, 808.45435)
D/WindowManager(  366): attr: WM.LayoutParams{(0,0)(fillxfill) sim=#20 ty=3 fl=#1830118 pfl=0x19 wanim=0x1030295} lp.flags=0x1830118
V/WindowManager(  366): Done at AppWindowToken{40e74968 token=Token{40ff5810 ActivityRecord{40d5b178 u0 com.android.settings/.Settings}}} -- full screen, return -1
V/WindowManager(  366): Eval win Window{40e8c9c0 u0 Starting com.android.settings}: isDrawn=true, isAnimating=true
I/WindowStateAnimator(  366): createSurface WindowStateAnimator{410ee120 com.android.settings/com.android.settings.Settings}: mDrawState=DRAW_PENDING
V/WindowManager(  366): Done at AppWindowToken{40e74968 token=Token{40ff5810 ActivityRecord{40d5b178 u0 com.android.settings/.Settings}}} -- full screen, return -1
D/WindowManager(  366): frame: Rect(0, 0 - 480, 800) shown frame: RectF(0.0, 0.0, 480.0, 800.0)
D/WindowManager(  366): attr: WM.LayoutParams{(0,0)(fillxfill) sim=#20 ty=3 fl=#1830118 pfl=0x19 wanim=0x1030295} lp.flags=0x1830118
D/WindowManager(  366): frame: Rect(0, 0 - 480, 800) shown frame: RectF(0.0, 0.0, 480.0, 800.0)
D/WindowManager(  366): attr: WM.LayoutParams{(0,0)(fillxfill) sim=#20 ty=3 fl=#1830118 pfl=0x19 wanim=0x1030295} lp.flags=0x1830118
V/WindowManager(  366): Eval win Window{40e8c9c0 u0 Starting com.android.settings}: isDrawn=true, isAnimating=true
V/WindowManager(  366): Eval win Window{410be240 u0 com.android.settings/com.android.settings.Settings}: isDrawn=false, isAnimating=true
V/WindowManager(  366): Not displayed: s=Surface(name=com.android.settings/com.android.settings.Settings, identity=20) pv=true mDrawState=1 ah=false th=false a=false
V/WindowManager(  366): Resize reasons:  contentInsetsChanged=true visibleInsetsChanged=true surfaceResized=false configChanged=true
V/WindowManager(  366): Resizing window Window{410be240 u0 com.android.settings/com.android.settings.Settings} to 480.0x800.0
V/WindowManager(  366): Reporting new frame to Window{410be240 u0 com.android.settings/com.android.settings.Settings}: Rect(0, 0 - 480, 800)
